Global M68K Construktors
	_INIT_0_InitFiles
	_INIT_1_Intuition_c__IntuitionBase
	_INIT_1_DOS_c__DOSBase
	_INIT_2_Workbench_c__WorkbenchBase
	_INIT_2_DiskFont_c__DiskfontBase
	_INIT_2_MathIEEESingBas_c__MathIeeeSingBasBase
	_INIT_2_MathIEEEDoubTrans_c__MathIeeeDoubTransBase
	_INIT_2_MathIEEEDoubBas_c__MathIeeeDoubBasBase
	_INIT_2_Graphics_c__GfxBase
	_INIT_2_Asl_c__AslBase
	_INIT_3_DataTypes_c__DataTypesBase
	_INIT_3_TimerBase
	_INIT_3_Locale_c__LocaleBase
	_INIT_5_InitStdIOFiles
	_INIT_8_Sequenzen_c
Global M68K Destruktors
	_EXIT_5_InitStdIOFiles
	_EXIT_5_InitFiles
	_EXIT_4_free
	_EXIT_3_Locale_c__LocaleBase
	_EXIT_3_TimerBase
	_EXIT_3_DataTypes_c__DataTypesBase
	_EXIT_2_Asl_c__AslBase
	_EXIT_2_Graphics_c__GfxBase
	_EXIT_2_MathIEEEDoubBas_c__MathIeeeDoubBasBase
	_EXIT_2_MathIEEEDoubTrans_c__MathIeeeDoubTransBase
	_EXIT_2_MathIEEESingBas_c__MathIeeeSingBasBase
	_EXIT_2_DiskFont_c__DiskfontBase
	_EXIT_2_Workbench_c__WorkbenchBase
	_EXIT_1_DOS_c__DOSBase
	_EXIT_1_Intuition_c__IntuitionBase
	_EXIT_0_Main
No Global PPC Destruktors
No Global PPC Destruktors

M68K Code


  Hunk #0 ( Far Public ) 54612 Bytes (0xd554)
  __startup68K = 0 (0x0) unused, maybe local
    File Work:Entwicklung/StormC/StormSYS/startups/startup.o
  _exit = 424 (0x1a8) referenced 4 times
    File Work:Entwicklung/StormC/StormSYS/startups/startup.o
  _AppWindowAnmelden = 460 (0x1cc) referenced 1 times
    File Eigenes:Horny/objects_debug/AppWindow.o
  _AppWindowAbmelden = 514 (0x202) referenced 1 times
    File Eigenes:Horny/objects_debug/AppWindow.o
  _HoleAppMessageDatei = 556 (0x22c) referenced 1 times
    File Eigenes:Horny/objects_debug/AppWindow.o
  _InitAutokanaele = 608 (0x260) referenced 1 times
    File Eigenes:Horny/objects_debug/Automation.o
  _KanalSpurenBearbeitet = 826 (0x33a) referenced 1 times
    File Eigenes:Horny/objects_debug/Automation.o
  _EntferneAutoPunkte = 1018 (0x3fa) unused, maybe local
    File Eigenes:Horny/objects_debug/Automation.o
  _AutomationDuplizieren = 1062 (0x426) unused, maybe local
    File Eigenes:Horny/objects_debug/Automation.o
  _AutomationKopieren = 1170 (0x492) referenced 1 times
    File Eigenes:Horny/objects_debug/Automation.o
  _AutomationEinfuegen = 1278 (0x4fe) referenced 1 times
    File Eigenes:Horny/objects_debug/Automation.o
  _EntferneAutomationsKopie = 1472 (0x5c0) referenced 1 times
    File Eigenes:Horny/objects_debug/Automation.o
  _NeuerAutoPunkt = 1508 (0x5e4) referenced 2 times
    File Eigenes:Horny/objects_debug/Automation.o
  _EntferneAutoPunkt = 1834 (0x72a) referenced 1 times
    File Eigenes:Horny/objects_debug/Automation.o
  _EntferneAlleAutoPunkte = 2002 (0x7d2) referenced 2 times
    File Eigenes:Horny/objects_debug/Automation.o
  _TaktAutoPunkt = 2126 (0x84e) referenced 1 times
    File Eigenes:Horny/objects_debug/Automation.o
  _AutoAnpassen = 2238 (0x8be) unused, maybe local
    File Eigenes:Horny/objects_debug/Automation.o
  _AutomationVorbereiten = 2948 (0xb84) referenced 1 times
    File Eigenes:Horny/objects_debug/Automation.o
  _LoopAutomationVorbereiten = 3180 (0xc6c) referenced 1 times
    File Eigenes:Horny/objects_debug/Automation.o
  _LoopAutomationResetten = 3412 (0xd54) referenced 1 times
    File Eigenes:Horny/objects_debug/Automation.o
  _SpieleAutomation = 3554 (0xde2) referenced 1 times
    File Eigenes:Horny/objects_debug/Automation.o
  _LoescheAutoBereich = 4032 (0xfc0) unused, maybe local
    File Eigenes:Horny/objects_debug/Automation.o
  _KonvertiereContrZuAuto = 4300 (0x10cc) referenced 1 times
    File Eigenes:Horny/objects_debug/Automation.o
  _KonvertiereAutoZuContr = 5078 (0x13d6) referenced 1 times
    File Eigenes:Horny/objects_debug/Automation.o
  _ClipboardLoeschen = 5644 (0x160c) referenced 1 times
    File Eigenes:Horny/objects_debug/Clipboard.o
  _ClipboardAliaseRechnen = 5692 (0x163c) referenced 1 times
    File Eigenes:Horny/objects_debug/Clipboard.o
  _ClipboardAliasZuReal = 5744 (0x1670) referenced 1 times
    File Eigenes:Horny/objects_debug/Clipboard.o
  _ClipboardKopieren = 5846 (0x16d6) referenced 1 times
    File Eigenes:Horny/objects_debug/Clipboard.o
  _ClipboardEinfuegen = 6030 (0x178e) referenced 1 times
    File Eigenes:Horny/objects_debug/Clipboard.o
  _AddChangeCtrl = 6232 (0x1858) referenced 1 times
    File Eigenes:Horny/objects_debug/CtrlWandler.o
  _EntferneChangeCtrl = 6326 (0x18b6) unused, maybe local
    File Eigenes:Horny/objects_debug/CtrlWandler.o
  _EntferneAlleChangeCtrl = 6420 (0x1914) referenced 1 times
    File Eigenes:Horny/objects_debug/CtrlWandler.o
  _WandleController = 6472 (0x1948) referenced 1 times
    File Eigenes:Horny/objects_debug/CtrlWandler.o
  _AktualisiereCCListe = 6522 (0x197a) unused, maybe local
    File Eigenes:Horny/objects_debug/CtrlWandler.o
  _ErstelleChangeCtrlFenster = 6938 (0x1b1a) referenced 1 times
    File Eigenes:Horny/objects_debug/CtrlWandler.o
  _EntferneChangeCtrlFenster = 8182 (0x1ff6) referenced 1 times
    File Eigenes:Horny/objects_debug/CtrlWandler.o
  _SucheCC = 8308 (0x2074) unused, maybe local
    File Eigenes:Horny/objects_debug/CtrlWandler.o
  _KontrolleChangeCtrlFenster = 8358 (0x20a6) referenced 1 times
    File Eigenes:Horny/objects_debug/CtrlWandler.o
  _LeseTag = 9540 (0x2544) unused, maybe local
    File Eigenes:Horny/objects_debug/DiskHornyLaden.o
  _LeseAreaINFO = 9668 (0x25c4) unused, maybe local
    File Eigenes:Horny/objects_debug/DiskHornyLaden.o
  _LeseAreaMAINGUI = 9856 (0x2680) unused, maybe local
    File Eigenes:Horny/objects_debug/DiskHornyLaden.o
  _LeseAreaEDGUI = 10030 (0x272e) unused, maybe local
    File Eigenes:Horny/objects_debug/DiskHornyLaden.o
  _LeseAreaLOOP = 10282 (0x282a) unused, maybe local
    File Eigenes:Horny/objects_debug/DiskHornyLaden.o
  _LeseAreaMETRONOM = 10402 (0x28a2) unused, maybe local
    File Eigenes:Horny/objects_debug/DiskHornyLaden.o
  _LeseAreaSMPTE = 10668 (0x29ac) unused, maybe local
    File Eigenes:Horny/objects_debug/DiskHornyLaden.o
  _LeseAreaMARKER = 10806 (0x2a36) unused, maybe local
    File Eigenes:Horny/objects_debug/DiskHornyLaden.o
  _LeseAreaOUTPORTS = 11182 (0x2bae) unused, maybe local
    File Eigenes:Horny/objects_debug/DiskHornyLaden.o
  _LeseAreaINPORTS = 11908 (0x2e84) unused, maybe local
    File Eigenes:Horny/objects_debug/DiskHornyLaden.o
  _LeseAreaSYSEX = 12034 (0x2f02) unused, maybe local
    File Eigenes:Horny/objects_debug/DiskHornyLaden.o
  _LeseAreaMIXER = 12364 (0x304c) unused, maybe local
    File Eigenes:Horny/objects_debug/DiskHornyLaden.o
  _LeseAreaCTRLCHANGE = 12794 (0x31fa) unused, maybe local
    File Eigenes:Horny/objects_debug/DiskHornyLaden.o
  _LeseAreaAUTOMATION = 12962 (0x32a2) unused, maybe local
    File Eigenes:Horny/objects_debug/DiskHornyLaden.o
  _HoleSequenzEvents = 13164 (0x336c) unused, maybe local
    File Eigenes:Horny/objects_debug/DiskHornyLaden.o
  _LeseAreaMIDITRACK = 13372 (0x343c) unused, maybe local
    File Eigenes:Horny/objects_debug/DiskHornyLaden.o
  _LadenHorny = 14132 (0x3734) referenced 1 times
    File Eigenes:Horny/objects_debug/DiskHornyLaden.o
  _AddTagWord = 15448 (0x3c58) unused, maybe local
    File Eigenes:Horny/objects_debug/DiskHornySpeichern.o
  _AddTagLong = 15478 (0x3c76) unused, maybe local
    File Eigenes:Horny/objects_debug/DiskHornySpeichern.o
  _AddTagString = 15508 (0x3c94) unused, maybe local
    File Eigenes:Horny/objects_debug/DiskHornySpeichern.o
  _AddTagData = 15576 (0x3cd8) unused, maybe local
    File Eigenes:Horny/objects_debug/DiskHornySpeichern.o
  _SchreibeArea = 15628 (0x3d0c) unused, maybe local
    File Eigenes:Horny/objects_debug/DiskHornySpeichern.o
  _AddSequenzEventsTag = 15708 (0x3d5c) unused, maybe local
    File Eigenes:Horny/objects_debug/DiskHornySpeichern.o
  _SpeichernHorny = 15916 (0x3e2c) referenced 1 times
    File Eigenes:Horny/objects_debug/DiskHornySpeichern.o
  _SetzeLeser = 19968 (0x4e00) unused, maybe local
    File Eigenes:Horny/objects_debug/DiskSMF.o
  _LeseByte = 19996 (0x4e1c) unused, maybe local
    File Eigenes:Horny/objects_debug/DiskSMF.o
  _LeseVarLen = 20056 (0x4e58) unused, maybe local
    File Eigenes:Horny/objects_debug/DiskSMF.o
  _SpringeBytes = 20136 (0x4ea8) unused, maybe local
    File Eigenes:Horny/objects_debug/DiskSMF.o
  _ImportSMF = 20184 (0x4ed8) referenced 1 times
    File Eigenes:Horny/objects_debug/DiskSMF.o
  _SchreibeVarLen = 22408 (0x5788) unused, maybe local
    File Eigenes:Horny/objects_debug/DiskSMF.o
  _SchreibeMidiEvent = 22514 (0x57f2) unused, maybe local
    File Eigenes:Horny/objects_debug/DiskSMF.o
  _SchreibeSysEx = 22798 (0x590e) unused, maybe local
    File Eigenes:Horny/objects_debug/DiskSMF.o
  _SchreibeMetaEvent = 22908 (0x597c) unused, maybe local
    File Eigenes:Horny/objects_debug/DiskSMF.o
  _ExportSMF = 23034 (0x59fa) referenced 1 times
    File Eigenes:Horny/objects_debug/DiskSMF.o
  _OeffneTitel = 25096 (0x6208) referenced 2 times
    File Eigenes:Horny/objects_debug/DTGrafik.o
  _SchliesseTitel = 25758 (0x649e) referenced 2 times
    File Eigenes:Horny/objects_debug/DTGrafik.o
  _AboutTitel = 25800 (0x64c8) referenced 1 times
    File Eigenes:Horny/objects_debug/DTGrafik.o
  _OeffneBitMap = 26180 (0x6644) unused, maybe local
    File Eigenes:Horny/objects_debug/DTGrafik.o
  _SchliesseBitMap = 26444 (0x674c) unused, maybe local
    File Eigenes:Horny/objects_debug/DTGrafik.o
  _BlitteBitMap = 26532 (0x67a4) referenced 3 times
    File Eigenes:Horny/objects_debug/DTGrafik.o
  _OeffneImg = 26672 (0x6830) unused, maybe local
    File Eigenes:Horny/objects_debug/DTGrafik.o
  _OeffneImg2 = 26810 (0x68ba) unused, maybe local
    File Eigenes:Horny/objects_debug/DTGrafik.o
  _SchliesseImg = 27002 (0x697a) unused, maybe local
    File Eigenes:Horny/objects_debug/DTGrafik.o
  _OeffneAlleGfx = 27076 (0x69c4) referenced 1 times
    File Eigenes:Horny/objects_debug/DTGrafik.o
  _SchliesseAlleGfx = 27596 (0x6bcc) referenced 1 times
    File Eigenes:Horny/objects_debug/DTGrafik.o
  _String_Copy = 28828 (0x709c) referenced 3 times
    File Eigenes:Horny/objects_debug/Dynamic_Strings.o
  _String_Cat = 28926 (0x70fe) referenced 2 times
    File Eigenes:Horny/objects_debug/Dynamic_Strings.o
  _String_Free = 29072 (0x7190) referenced 3 times
    File Eigenes:Horny/objects_debug/Dynamic_Strings.o
  _InitController = 29104 (0x71b0) referenced 1 times
    File Eigenes:Horny/objects_debug/EditorContrGui.o
  _ZeichneControllerSpalte = 29522 (0x7352) unused, maybe local
    File Eigenes:Horny/objects_debug/EditorContrGui.o
  _ZeichneControllerSpalten = 29856 (0x74a0) referenced 1 times
    File Eigenes:Horny/objects_debug/EditorContrGui.o
  _ZeichneContr = 29974 (0x7516) referenced 1 times
    File Eigenes:Horny/objects_debug/EditorContrGui.o
  _ZeichneContrVorschau = 30560 (0x7760) referenced 1 times
    File Eigenes:Horny/objects_debug/EditorContrGui.o
  _ZeichneControllerSpur = 30846 (0x787e) referenced 1 times
    File Eigenes:Horny/objects_debug/EditorContrGui.o
  _ZeichneControllerFeld = 31502 (0x7b0e) referenced 1 times
    File Eigenes:Horny/objects_debug/EditorContrGui.o
  _ContrSpurenEinpassen = 31726 (0x7bee) referenced 1 times
    File Eigenes:Horny/objects_debug/EditorContrGui.o
  _ZeichneEdContrInfobox = 31936 (0x7cc0) referenced 1 times
    File Eigenes:Horny/objects_debug/EditorContrGui.o
  _PunktContrSpur = 32768 (0x8000) referenced 1 times
    File Eigenes:Horny/objects_debug/EditorContrGui.o
  _PunktContrWert = 32840 (0x8048) referenced 1 times
    File Eigenes:Horny/objects_debug/EditorContrGui.o
  _RasterTakt = 33092 (0x8144) unused, maybe local
    File Eigenes:Horny/objects_debug/EditorNoten.o
  _InitUmrechnungstabellen = 33228 (0x81cc) referenced 1 times
    File Eigenes:Horny/objects_debug/EditorNoten.o
  _MittlereNotenhoehe = 33824 (0x8420) unused, maybe local
    File Eigenes:Horny/objects_debug/EditorNoten.o
  _ZeichneFeld = 33980 (0x84bc) unused, maybe local
    File Eigenes:Horny/objects_debug/EditorNoten.o
  _NotenSequenzEditor = 34032 (0x84f0) referenced 1 times
    File Eigenes:Horny/objects_debug/EditorNoten.o
  _EdSchleifeGadgets = 34634 (0x874a) unused, maybe local
    File Eigenes:Horny/objects_debug/EditorNoten.o
  _EdNeuLen = 35300 (0x89e4) unused, maybe local
    File Eigenes:Horny/objects_debug/EditorNoten.o
  _EdSchleifeNoten = 35424 (0x8a60) unused, maybe local
    File Eigenes:Horny/objects_debug/EditorNoten.o
  _EdSchleifeContr = 37572 (0x92c4) unused, maybe local
    File Eigenes:Horny/objects_debug/EditorNoten.o
  _NeuerController = 38976 (0x9840) unused, maybe local
    File Eigenes:Horny/objects_debug/EditorNoten.o
  _KontrolleEditorNotenFenster = 39170 (0x9902) referenced 1 times
    File Eigenes:Horny/objects_debug/EditorNoten.o
  _ErstelleEditorNotenFenster = 43696 (0xaab0) referenced 1 times
    File Eigenes:Horny/objects_debug/EditorNotenGui.o
  _EntferneEditorNotenFenster = 46598 (0xb606) referenced 3 times
    File Eigenes:Horny/objects_debug/EditorNotenGui.o
  _EdFensterTitel = 46782 (0xb6be) referenced 2 times
    File Eigenes:Horny/objects_debug/EditorNotenGui.o
  _PositioniereEdGadgets = 46966 (0xb776) referenced 1 times
    File Eigenes:Horny/objects_debug/EditorNotenGui.o
  _AktualisiereEdGadgets = 47850 (0xbaea) referenced 1 times
    File Eigenes:Horny/objects_debug/EditorNotenGui.o
  _AktualisiereEdRasterGadgets = 48350 (0xbcde) referenced 1 times
    File Eigenes:Horny/objects_debug/EditorNotenGui.o
  _AktualisiereEdNeuLenGadgets = 48670 (0xbe1e) referenced 1 times
    File Eigenes:Horny/objects_debug/EditorNotenGui.o
  _AktualisiereEdModus = 48824 (0xbeb8) referenced 1 times
    File Eigenes:Horny/objects_debug/EditorNotenGui.o
  _ZeichneTastatur = 48922 (0xbf1a) referenced 1 times
    File Eigenes:Horny/objects_debug/EditorNotenGui.o
  _ZeichneEdZeitleiste = 49572 (0xc1a4) referenced 1 times
    File Eigenes:Horny/objects_debug/EditorNotenGui.o
  _ZeichneNote = 50138 (0xc3da) referenced 1 times
    File Eigenes:Horny/objects_debug/EditorNotenGui.o
  _ZeichneNotenfeld = 50730 (0xc62a) referenced 1 times
    File Eigenes:Horny/objects_debug/EditorNotenGui.o
  _ZeichneNotenVelos = 51640 (0xc9b8) referenced 1 times
    File Eigenes:Horny/objects_debug/EditorNotenGui.o
  _Tastendruck = 52172 (0xcbcc) unused, maybe local
    File Eigenes:Horny/objects_debug/EditorNotenGui.o
  _ZeichneNotenanzeige = 52604 (0xcd7c) referenced 1 times
    File Eigenes:Horny/objects_debug/EditorNotenGui.o
  _ZeichneEdInfobox = 52814 (0xce4e) referenced 1 times
    File Eigenes:Horny/objects_debug/EditorNotenGui.o
  _PunktTaste = 53742 (0xd1ee) referenced 1 times
    File Eigenes:Horny/objects_debug/EditorNotenGui.o
  _EdPunktPosition = 54012 (0xd2fc) referenced 1 times
    File Eigenes:Horny/objects_debug/EditorNotenGui.o
  _TesteEdPunktBereich = 54088 (0xd348) referenced 1 times
    File Eigenes:Horny/objects_debug/EditorNotenGui.o

  Hunk #1 ( Far Public ) 56548 Bytes (0xdce4)
  _AktualisiereOutPortListe = 0 (0x0) unused, maybe local
    File Eigenes:Horny/objects_debug/Einstellungen.o
  _AktualisiereInPortListe = 446 (0x1be) unused, maybe local
    File Eigenes:Horny/objects_debug/Einstellungen.o
  _OPHinzu = 742 (0x2e6) unused, maybe local
    File Eigenes:Horny/objects_debug/Einstellungen.o
  _IPHinzu = 858 (0x35a) unused, maybe local
    File Eigenes:Horny/objects_debug/Einstellungen.o
  _OPEntfernen = 946 (0x3b2) unused, maybe local
    File Eigenes:Horny/objects_debug/Einstellungen.o
  _IPEntfernen = 1082 (0x43a) unused, maybe local
    File Eigenes:Horny/objects_debug/Einstellungen.o
  _PortText = 1200 (0x4b0) unused, maybe local
    File Eigenes:Horny/objects_debug/Einstellungen.o
  _AktualisiereInstrGadgets = 1298 (0x512) unused, maybe local
    File Eigenes:Horny/objects_debug/Einstellungen.o
  _AktualisiereMetronomGadgets = 2164 (0x874) unused, maybe local
    File Eigenes:Horny/objects_debug/Einstellungen.o
  _AktualisiereSmpteGadgets = 2558 (0x9fe) unused, maybe local
    File Eigenes:Horny/objects_debug/Einstellungen.o
  _AktualisiereClusterListe = 2974 (0xb9e) unused, maybe local
    File Eigenes:Horny/objects_debug/Einstellungen.o
  _ErstelleSeiten = 3582 (0xdfe) unused, maybe local
    File Eigenes:Horny/objects_debug/Einstellungen.o
  _EntferneListen = 8968 (0x2308) unused, maybe local
    File Eigenes:Horny/objects_debug/Einstellungen.o
  _ErstelleEinstellungsfenster = 9242 (0x241a) referenced 1 times
    File Eigenes:Horny/objects_debug/Einstellungen.o
  _EntferneEinstellungsfenster = 10108 (0x277c) referenced 1 times
    File Eigenes:Horny/objects_debug/Einstellungen.o
  _KontrolleEinstellungsfenster = 10206 (0x27de) referenced 1 times
    File Eigenes:Horny/objects_debug/Einstellungen.o
  _ChannelPortFenster = 12260 (0x2fe4) referenced 2 times
    File Eigenes:Horny/objects_debug/Fenster.o
  _StringFenster = 13760 (0x35c0) referenced 1 times
    File Eigenes:Horny/objects_debug/Fenster.o
  _QuantisierungsFenster = 14350 (0x380e) referenced 2 times
    File Eigenes:Horny/objects_debug/Fenster.o
  _IntegerFenster = 15372 (0x3c0c) referenced 1 times
    File Eigenes:Horny/objects_debug/Fenster.o
  _ZeichneDynKurve = 16350 (0x3fde) unused, maybe local
    File Eigenes:Horny/objects_debug/Fenster.o
  _DynamikFenster = 16638 (0x40fe) referenced 1 times
    File Eigenes:Horny/objects_debug/Fenster.o
  _OeffneFont = 18712 (0x4918) referenced 1 times
    File Eigenes:Horny/objects_debug/Gui.o
  _EntferneFont = 18762 (0x494a) referenced 1 times
    File Eigenes:Horny/objects_debug/Gui.o
  _ErstelleGuiClasses = 18790 (0x4966) referenced 1 times
    File Eigenes:Horny/objects_debug/Gui.o
  _EntferneGuiClasses = 19534 (0x4c4e) referenced 1 times
    File Eigenes:Horny/objects_debug/Gui.o
  _ErstelleFarben = 19818 (0x4d6a) unused, maybe local
    File Eigenes:Horny/objects_debug/Gui.o
  _EntferneFarben = 20078 (0x4e6e) unused, maybe local
    File Eigenes:Horny/objects_debug/Gui.o
  _ErstelleBildschirm = 20176 (0x4ed0) referenced 1 times
    File Eigenes:Horny/objects_debug/Gui.o
  _ZeigeBildschirm = 20438 (0x4fd6) referenced 1 times
    File Eigenes:Horny/objects_debug/Gui.o
  _ErstelleHauptfenster = 20474 (0x4ffa) referenced 1 times
    File Eigenes:Horny/objects_debug/Gui.o
  _EntferneHauptfenster = 21114 (0x527a) referenced 1 times
    File Eigenes:Horny/objects_debug/Gui.o
  _EntferneBildschirm = 21176 (0x52b8) referenced 1 times
    File Eigenes:Horny/objects_debug/Gui.o
  _FensterTitel = 21370 (0x537a) referenced 2 times
    File Eigenes:Horny/objects_debug/Gui.o
  _SetzeFont = 21716 (0x54d4) referenced 3 times
    File Eigenes:Horny/objects_debug/Gui.o
  _Fett = 21776 (0x5510) referenced 3 times
    File Eigenes:Horny/objects_debug/Gui.o
  _EntferneSprungliste = 21846 (0x5556) referenced 1 times
    File Eigenes:Horny/objects_debug/Gui.o
  _AktualisiereSprungliste = 21894 (0x5586) referenced 2 times
    File Eigenes:Horny/objects_debug/Gui.o
  _ErstelleGadgets = 22210 (0x56c2) referenced 1 times
    File Eigenes:Horny/objects_debug/Gui.o
  _EntferneGadgets = 25374 (0x631e) referenced 1 times
    File Eigenes:Horny/objects_debug/Gui.o
  _PositioniereGadgets = 25490 (0x6392) referenced 1 times
    File Eigenes:Horny/objects_debug/Gui.o
  _AktualisiereGadgets = 26408 (0x6728) referenced 3 times
    File Eigenes:Horny/objects_debug/Gui.o
  _AktualisiereFunctGadgets = 26802 (0x68b2) referenced 3 times
    File Eigenes:Horny/objects_debug/Gui.o
  _HoleFensterWinpos = 27178 (0x6a2a) referenced 2 times
    File Eigenes:Horny/objects_debug/Gui.o
  _HoleFensterObjpos = 27298 (0x6aa2) referenced 4 times
    File Eigenes:Horny/objects_debug/Gui.o
  _HoleAlleFensterpos = 27482 (0x6b5a) referenced 1 times
    File Eigenes:Horny/objects_debug/Gui.o
  _BildFrei = 27614 (0x6bde) referenced 3 times
    File Eigenes:Horny/objects_debug/Gui.o
  _Schreibe = 27782 (0x6c86) referenced 6 times
    File Eigenes:Horny/objects_debug/Gui.o
  _SchreibeSys = 27988 (0x6d54) referenced 1 times
    File Eigenes:Horny/objects_debug/Gui.o
  _SchreibeZahl = 28100 (0x6dc4) referenced 4 times
    File Eigenes:Horny/objects_debug/Gui.o
  _Balken = 28188 (0x6e1c) referenced 4 times
    File Eigenes:Horny/objects_debug/Gui.o
  _Rahmen = 28348 (0x6ebc) unused, maybe local
    File Eigenes:Horny/objects_debug/Gui.o
  _RahmenEin = 28676 (0x7004) referenced 3 times
    File Eigenes:Horny/objects_debug/Gui.o
  _RahmenAus = 28788 (0x7074) referenced 5 times
    File Eigenes:Horny/objects_debug/Gui.o
  _RahmenRundungEin = 28900 (0x70e4) referenced 1 times
    File Eigenes:Horny/objects_debug/Gui.o
  _RahmenRundungAus = 28958 (0x711e) referenced 2 times
    File Eigenes:Horny/objects_debug/Gui.o
  _Linie = 29016 (0x7158) referenced 5 times
    File Eigenes:Horny/objects_debug/Gui.o
  _PunktLinie = 29200 (0x7210) referenced 1 times
    File Eigenes:Horny/objects_debug/Gui.o
  _Farbe = 29416 (0x72e8) referenced 1 times
    File Eigenes:Horny/objects_debug/Gui.o
  _Punkt = 29468 (0x731c) referenced 1 times
    File Eigenes:Horny/objects_debug/Gui.o
  _ZeichnePosition = 29544 (0x7368) referenced 6 times
    File Eigenes:Horny/objects_debug/Gui.o
  _KeinePosition = 30576 (0x7770) referenced 5 times
    File Eigenes:Horny/objects_debug/Gui.o
  _ZeichneProjektion = 31090 (0x7972) referenced 1 times
    File Eigenes:Horny/objects_debug/Gui.o
  _KeineProjektion = 31468 (0x7aec) referenced 1 times
    File Eigenes:Horny/objects_debug/Gui.o
  _Lasso = 31614 (0x7b7e) unused, maybe local
    File Eigenes:Horny/objects_debug/Gui.o
  _LassoWahl = 31982 (0x7cee) referenced 2 times
    File Eigenes:Horny/objects_debug/Gui.o
  _SchleifeUpdate = 32238 (0x7dee) referenced 3 times
    File Eigenes:Horny/objects_debug/Gui.o
  _InitGuiWerte = 33420 (0x828c) referenced 1 times
    File Eigenes:Horny/objects_debug/Gui2.o
  _LoescheLinksOben = 33470 (0x82be) referenced 2 times
    File Eigenes:Horny/objects_debug/Gui2.o
  _ZeichneUebersicht = 33534 (0x82fe) referenced 1 times
    File Eigenes:Horny/objects_debug/Gui2.o
  _TestePunktUebersicht = 34420 (0x8674) referenced 1 times
    File Eigenes:Horny/objects_debug/Gui2.o
  _ZeichneSpurAutomation = 34586 (0x871a) unused, maybe local
    File Eigenes:Horny/objects_debug/Gui2.o
  _ZeichneSequenzen = 35846 (0x8c06) referenced 5 times
    File Eigenes:Horny/objects_debug/Gui2.o
  _ZeichneSequenzRahmen = 38102 (0x94d6) referenced 1 times
    File Eigenes:Horny/objects_debug/Gui2.o
  _ZeichneSpurSpalte = 38622 (0x96de) referenced 2 times
    File Eigenes:Horny/objects_debug/Gui2.o
  _ZeichneSpuren = 39794 (0x9b72) referenced 2 times
    File Eigenes:Horny/objects_debug/Gui2.o
  _SpurenEinpassen = 40412 (0x9ddc) referenced 1 times
    File Eigenes:Horny/objects_debug/Gui2.o
  _PunktSpur = 40606 (0x9e9e) referenced 1 times
    File Eigenes:Horny/objects_debug/Gui2.o
  _PunktPosition = 40682 (0x9eea) referenced 1 times
    File Eigenes:Horny/objects_debug/Gui2.o
  _PunktAutoWert = 40752 (0x9f30) referenced 1 times
    File Eigenes:Horny/objects_debug/Gui2.o
  _ZeichneZeitleiste = 40890 (0x9fba) referenced 1 times
    File Eigenes:Horny/objects_debug/Gui2.o
  _ZeichneSmpteLeiste = 41756 (0xa31c) referenced 2 times
    File Eigenes:Horny/objects_debug/Gui2.o
  _ZeichneMarkerleiste = 42110 (0xa47e) referenced 1 times
    File Eigenes:Horny/objects_debug/Gui2.o
  _ZeichneMarkerleisten = 42662 (0xa6a6) referenced 1 times
    File Eigenes:Horny/objects_debug/Gui2.o
  _ZeichneInfobox = 42704 (0xa6d0) referenced 3 times
    File Eigenes:Horny/objects_debug/Gui2.o
  _TestePunktInfo = 45836 (0xb30c) referenced 1 times
    File Eigenes:Horny/objects_debug/Gui2.o
  _ZeichneAnzeigen = 45982 (0xb39e) referenced 3 times
    File Eigenes:Horny/objects_debug/Gui2.o
  _TestePunktBereich = 46794 (0xb6ca) referenced 1 times
    File Eigenes:Horny/objects_debug/Gui2.o
  _LadeInstrContr = 47536 (0xb9b0) unused, maybe local
    File Eigenes:Horny/objects_debug/Instrumente.o
  _NeuesProgramm = 48060 (0xbbbc) unused, maybe local
    File Eigenes:Horny/objects_debug/Instrumente.o
  _NeueKategorie = 48194 (0xbc42) unused, maybe local
    File Eigenes:Horny/objects_debug/Instrumente.o
  _LadeInstrument = 48324 (0xbcc4) unused, maybe local
    File Eigenes:Horny/objects_debug/Instrumente.o
  _ErstelleVorgabeInstrument = 49244 (0xc05c) unused, maybe local
    File Eigenes:Horny/objects_debug/Instrumente.o
  _LadeAlleInstrumente = 49502 (0xc15e) referenced 1 times
    File Eigenes:Horny/objects_debug/Instrumente.o
  _EntferneAlleInstrumente = 49674 (0xc20a) referenced 1 times
    File Eigenes:Horny/objects_debug/Instrumente.o
  _SucheInstrument = 49844 (0xc2b4) unused, maybe local
    File Eigenes:Horny/objects_debug/Instrumente.o
  _SucheInstrumentNum = 49912 (0xc2f8) referenced 1 times
    File Eigenes:Horny/objects_debug/Instrumente.o
  _NtesInstrument = 49984 (0xc340) referenced 1 times
    File Eigenes:Horny/objects_debug/Instrumente.o
  _SucheProgrammNum = 50030 (0xc36e) unused, maybe local
    File Eigenes:Horny/objects_debug/Instrumente.o
  _SucheChannelInstrument = 50188 (0xc40c) referenced 3 times
    File Eigenes:Horny/objects_debug/Instrumente.o
  _TesteInstrumente = 50330 (0xc49a) referenced 1 times
    File Eigenes:Horny/objects_debug/Instrumente.o
  _ErstelleKategorieListe = 50678 (0xc5f6) unused, maybe local
    File Eigenes:Horny/objects_debug/Instrumente.o
  _HoleChooserUserData = 50808 (0xc678) unused, maybe local
    File Eigenes:Horny/objects_debug/Instrumente.o
  _WoIstChooserUserData = 50892 (0xc6cc) unused, maybe local
    File Eigenes:Horny/objects_debug/Instrumente.o
  _ErstelleProgrammListe = 50992 (0xc730) unused, maybe local
    File Eigenes:Horny/objects_debug/Instrumente.o
  _EntferneChooserListe = 51086 (0xc78e) unused, maybe local
    File Eigenes:Horny/objects_debug/Instrumente.o
  _EntferneListBrowserListe = 51140 (0xc7c4) unused, maybe local
    File Eigenes:Horny/objects_debug/Instrumente.o
  _InstrumentenFenster2 = 51194 (0xc7fa) referenced 1 times
    File Eigenes:Horny/objects_debug/Instrumente.o
  _ErstelleControllerListe = 53692 (0xd1bc) unused, maybe local
    File Eigenes:Horny/objects_debug/Instrumente.o
  _SucheControllerPosition = 54374 (0xd466) unused, maybe local
    File Eigenes:Horny/objects_debug/Instrumente.o
  _InstrControllerFenster = 54536 (0xd508) referenced 3 times
    File Eigenes:Horny/objects_debug/Instrumente.o

  Hunk #2 ( Far Public ) 61260 Bytes (0xef4c)
  _AktualisiereEditFeld = 0 (0x0) referenced 1 times
    File Eigenes:Horny/objects_debug/Main.o
  _GgfFolgenAbschalten = 96 (0x60) unused, maybe local
    File Eigenes:Horny/objects_debug/Main.o
  _SchleifeGadgets = 186 (0xba) unused, maybe local
    File Eigenes:Horny/objects_debug/Main.o
  _UpdateAusfuehren = 860 (0x35c) unused, maybe local
    File Eigenes:Horny/objects_debug/Main.o
  _SchleifeGuispalte = 1150 (0x47e) unused, maybe local
    File Eigenes:Horny/objects_debug/Main.o
  _SchleifeMarker = 1422 (0x58e) unused, maybe local
    File Eigenes:Horny/objects_debug/Main.o
  _SchleifeZeit = 2728 (0xaa8) unused, maybe local
    File Eigenes:Horny/objects_debug/Main.o
  _SchleifeSpuren = 3450 (0xd7a) unused, maybe local
    File Eigenes:Horny/objects_debug/Main.o
  _SchleifeSequenzen = 3960 (0xf78) unused, maybe local
    File Eigenes:Horny/objects_debug/Main.o
  _SchleifeInfobox = 5884 (0x16fc) unused, maybe local
    File Eigenes:Horny/objects_debug/Main.o
  _SchleifeRawKey = 7190 (0x1c16) unused, maybe local
    File Eigenes:Horny/objects_debug/Main.o
  _SchleifeMenuPick = 7724 (0x1e2c) unused, maybe local
    File Eigenes:Horny/objects_debug/Main.o
  _HFensterNeu = 9950 (0x26de) unused, maybe local
    File Eigenes:Horny/objects_debug/Main.o
  _HFensterWeg = 10100 (0x2774) unused, maybe local
    File Eigenes:Horny/objects_debug/Main.o
  _haupt = 10174 (0x27be) referenced 1 times
    File Eigenes:Horny/objects_debug/Main.o
  _NeuerMarker = 13340 (0x341c) referenced 3 times
    File Eigenes:Horny/objects_debug/Marker.o
  _EntferneMarker = 13574 (0x3506) referenced 1 times
    File Eigenes:Horny/objects_debug/Marker.o
  _EntferneAlleMarker = 13650 (0x3552) referenced 1 times
    File Eigenes:Horny/objects_debug/Marker.o
  _TaktDirektMarker = 13702 (0x3586) referenced 1 times
    File Eigenes:Horny/objects_debug/Marker.o
  _TaktMarker = 13748 (0x35b4) referenced 5 times
    File Eigenes:Horny/objects_debug/Marker.o
  _NextMarker = 13836 (0x360c) referenced 3 times
    File Eigenes:Horny/objects_debug/Marker.o
  _PrevMarker = 13880 (0x3638) unused, maybe local
    File Eigenes:Horny/objects_debug/Marker.o
  _MarkerTauschen = 13920 (0x3660) referenced 1 times
    File Eigenes:Horny/objects_debug/Marker.o
  _MarkerSortieren = 13974 (0x3696) referenced 1 times
    File Eigenes:Horny/objects_debug/Marker.o
  _ErstelleGrundMarker = 14048 (0x36e0) referenced 1 times
    File Eigenes:Horny/objects_debug/Marker.o
  _TaktWahlMark = 14216 (0x3788) referenced 2 times
    File Eigenes:Horny/objects_debug/Marker.o
  _TaktZeit = 14312 (0x37e8) unused, maybe local
    File Eigenes:Horny/objects_debug/Marker.o
  _TaktSmpteTicks = 14492 (0x389c) referenced 4 times
    File Eigenes:Horny/objects_debug/Marker.o
  _SmpteTicksTakt = 14644 (0x3934) unused, maybe local
    File Eigenes:Horny/objects_debug/Marker.o
  _SmpteTicksAktualisieren = 14814 (0x39de) referenced 4 times
    File Eigenes:Horny/objects_debug/Marker.o
  _TakteAktualisieren = 14950 (0x3a66) referenced 2 times
    File Eigenes:Horny/objects_debug/Marker.o
  _NextXMarkerTakt = 15100 (0x3afc) referenced 2 times
    File Eigenes:Horny/objects_debug/Marker.o
  _PrevXMarkerTakt = 15164 (0x3b3c) referenced 2 times
    File Eigenes:Horny/objects_debug/Marker.o
  _ErstelleMenuLibs = 15280 (0x3bb0) referenced 1 times
    File Eigenes:Horny/objects_debug/Menu.o
  _EntferneMenuLibs = 15360 (0x3c00) referenced 1 times
    File Eigenes:Horny/objects_debug/Menu.o
  _ErstelleMenu = 15388 (0x3c1c) referenced 1 times
    File Eigenes:Horny/objects_debug/Menu.o
  _EntferneMenu = 28762 (0x705a) referenced 1 times
    File Eigenes:Horny/objects_debug/Menu.o
  _MenuPunkt = 28854 (0x70b6) referenced 1 times
    File Eigenes:Horny/objects_debug/Menu.o
  _MenuDeaktivieren = 28906 (0x70ea) referenced 2 times
    File Eigenes:Horny/objects_debug/Menu.o
  _MenuItemDeaktivieren = 28988 (0x713c) referenced 1 times
    File Eigenes:Horny/objects_debug/Menu.o
  _EdMenuPunkt = 29050 (0x717a) referenced 1 times
    File Eigenes:Horny/objects_debug/Menu.o
  _MinMenuPunkt = 29102 (0x71ae) referenced 5 times
    File Eigenes:Horny/objects_debug/Menu.o
  _InitOutPortInstr = 30168 (0x75d8) referenced 1 times
    File Eigenes:Horny/objects_debug/Midi.o
  _ErstelleCamd = 30348 (0x768c) referenced 1 times
    File Eigenes:Horny/objects_debug/Midi.o
  _EntferneCamd = 30746 (0x781a) referenced 1 times
    File Eigenes:Horny/objects_debug/Midi.o
  _WarteStart = 30798 (0x784e) referenced 1 times
    File Eigenes:Horny/objects_debug/Midi.o
  _WarteEnde = 30860 (0x788c) referenced 1 times
    File Eigenes:Horny/objects_debug/Midi.o
  _EntferneLinks = 30930 (0x78d2) referenced 2 times
    File Eigenes:Horny/objects_debug/Midi.o
  _ErneuereLinks = 31120 (0x7990) referenced 2 times
    File Eigenes:Horny/objects_debug/Midi.o
  _ErstelleLinks = 31550 (0x7b3e) referenced 1 times
    File Eigenes:Horny/objects_debug/Midi.o
  _LinkVorhanden = 31786 (0x7c2a) referenced 1 times
    File Eigenes:Horny/objects_debug/Midi.o
  _InitOutportLatenzen = 31918 (0x7cae) referenced 1 times
    File Eigenes:Horny/objects_debug/Midi.o
  _AktiviereExtreamSync = 31970 (0x7ce2) referenced 2 times
    File Eigenes:Horny/objects_debug/Midi.o
  _DeaktiviereExtreamSync = 31978 (0x7cea) referenced 2 times
    File Eigenes:Horny/objects_debug/Midi.o
  _IstExtreamSyncAktiv = 31986 (0x7cf2) referenced 3 times
    File Eigenes:Horny/objects_debug/Midi.o
  _KontrolleExtreamSync = 32000 (0x7d00) referenced 1 times
    File Eigenes:Horny/objects_debug/Midi.o
  _StartExtreamSync = 32008 (0x7d08) referenced 1 times
    File Eigenes:Horny/objects_debug/Midi.o
  _StopExtreamSync = 32016 (0x7d10) referenced 1 times
    File Eigenes:Horny/objects_debug/Midi.o
  _LocateExtreamSync = 32024 (0x7d18) referenced 2 times
    File Eigenes:Horny/objects_debug/Midi.o
  _ResetteLMarker = 32032 (0x7d20) referenced 2 times
    File Eigenes:Horny/objects_debug/Midi.o
  _ResetteZeit = 32122 (0x7d7a) unused, maybe local
    File Eigenes:Horny/objects_debug/Midi.o
  _AktualisiereTakt = 32270 (0x7e0e) unused, maybe local
    File Eigenes:Horny/objects_debug/Midi.o
  _SendeEvent = 32798 (0x801e) referenced 1 times
    File Eigenes:Horny/objects_debug/Midi.o
  _SendeKanalEvent = 33020 (0x80fc) referenced 2 times
    File Eigenes:Horny/objects_debug/Midi.o
  _SetzeAktInstrument = 33140 (0x8174) referenced 1 times
    File Eigenes:Horny/objects_debug/Midi.o
  _SendeKanalInstrument = 33292 (0x820c) referenced 1 times
    File Eigenes:Horny/objects_debug/Midi.o
  _SendeInstrument = 33412 (0x8284) referenced 3 times
    File Eigenes:Horny/objects_debug/Midi.o
  _Panik = 33908 (0x8474) referenced 1 times
    File Eigenes:Horny/objects_debug/Midi.o
  _AddEvent = 33998 (0x84ce) referenced 2 times
    File Eigenes:Horny/objects_debug/Midi.o
  _verschobenerTakt = 34424 (0x8678) unused, maybe local
    File Eigenes:Horny/objects_debug/Midi.o
  _verschobenerPortTakt = 34514 (0x86d2) unused, maybe local
    File Eigenes:Horny/objects_debug/Midi.o
  _vorgeschobenerPortTakt = 34594 (0x8722) referenced 1 times
    File Eigenes:Horny/objects_debug/Midi.o
  _aufnahmeLatenzAusgleich = 34674 (0x8772) unused, maybe local
    File Eigenes:Horny/objects_debug/Midi.o
  _SpurAufnehmen = 34778 (0x87da) unused, maybe local
    File Eigenes:Horny/objects_debug/Midi.o
  _AbspielenVorbereiten = 35106 (0x8922) unused, maybe local
    File Eigenes:Horny/objects_debug/Midi.o
  _LoopVorbereiten = 36768 (0x8fa0) unused, maybe local
    File Eigenes:Horny/objects_debug/Midi.o
  _ResetteLoopZeit = 37486 (0x926e) unused, maybe local
    File Eigenes:Horny/objects_debug/Midi.o
  _SpurAbspielen = 37666 (0x9322) unused, maybe local
    File Eigenes:Horny/objects_debug/Midi.o
  _KanalAbklingen = 39402 (0x99ea) referenced 1 times
    File Eigenes:Horny/objects_debug/Midi.o
  _SpurAbklingen = 39572 (0x9a94) referenced 1 times
    File Eigenes:Horny/objects_debug/Midi.o
  _SpieleMetronom = 39644 (0x9adc) unused, maybe local
    File Eigenes:Horny/objects_debug/Midi.o
  _TesteMetronom = 39992 (0x9c38) referenced 1 times
    File Eigenes:Horny/objects_debug/Midi.o
  _TesteMidiThru = 40226 (0x9d22) unused, maybe local
    File Eigenes:Horny/objects_debug/Midi.o
  _ThruProcess = 40590 (0x9e8e) referenced 1 times
    File Eigenes:Horny/objects_debug/Midi.o
  _ShortDelay = 40798 (0x9f5e) unused, maybe local
    File Eigenes:Horny/objects_debug/Midi.o
  _PlayerProcess = 40958 (0x9ffe) referenced 1 times
    File Eigenes:Horny/objects_debug/Midi.o
  _AliaseAnpassen = 43080 (0xa848) referenced 1 times
    File Eigenes:Horny/objects_debug/MidiEdit.o
  _EventsVerschieben = 43234 (0xa8e2) referenced 1 times
    File Eigenes:Horny/objects_debug/MidiEdit.o
  _OrdneEvents = 43332 (0xa944) referenced 2 times
    File Eigenes:Horny/objects_debug/MidiEdit.o
  _NotenEndenMarkieren = 43556 (0xaa24) referenced 1 times
    File Eigenes:Horny/objects_debug/MidiEdit.o
  _QuantisiereSequenz = 43886 (0xab6e) unused, maybe local
    File Eigenes:Horny/objects_debug/MidiEdit.o
  _MarkSequenzenQuantisieren = 44130 (0xac62) referenced 1 times
    File Eigenes:Horny/objects_debug/MidiEdit.o
  _MarkEventsEntfernen = 44272 (0xacf0) referenced 1 times
    File Eigenes:Horny/objects_debug/MidiEdit.o
  _EventEinfuegen = 44438 (0xad96) referenced 1 times
    File Eigenes:Horny/objects_debug/MidiEdit.o
  _MarkEventsKopieren = 44816 (0xaf10) referenced 1 times
    File Eigenes:Horny/objects_debug/MidiEdit.o
  _MarkNotenVerschieben = 44966 (0xafa6) referenced 1 times
    File Eigenes:Horny/objects_debug/MidiEdit.o
  _MarkNotenEndenVerschieben = 45152 (0xb060) referenced 1 times
    File Eigenes:Horny/objects_debug/MidiEdit.o
  _MarkEventsDynamik = 45430 (0xb176) referenced 1 times
    File Eigenes:Horny/objects_debug/MidiEdit.o
  _MarkNotenQuantisieren = 45682 (0xb272) referenced 1 times
    File Eigenes:Horny/objects_debug/MidiEdit.o
  _TaktContr = 46028 (0xb3cc) referenced 1 times
    File Eigenes:Horny/objects_debug/MidiEdit.o
  _TaktNote = 46376 (0xb528) referenced 1 times
    File Eigenes:Horny/objects_debug/MidiEdit.o
  _KeineEventsMarkieren = 46830 (0xb6ee) referenced 1 times
    File Eigenes:Horny/objects_debug/MidiEdit.o
  _NotenMarkieren = 46914 (0xb742) referenced 1 times
    File Eigenes:Horny/objects_debug/MidiEdit.o
  _NotenBereichMarkieren = 47218 (0xb872) referenced 1 times
    File Eigenes:Horny/objects_debug/MidiEdit.o
  _ControllerMarkieren = 47464 (0xb968) referenced 1 times
    File Eigenes:Horny/objects_debug/MidiEdit.o
  _MarkContrReduzieren = 47660 (0xba2c) referenced 1 times
    File Eigenes:Horny/objects_debug/MidiEdit.o
  _MarkContrGlaetten = 47888 (0xbb10) referenced 1 times
    File Eigenes:Horny/objects_debug/MidiEdit.o
  _RepariereNoten = 48068 (0xbbc4) referenced 1 times
    File Eigenes:Horny/objects_debug/MidiEdit.o
  _ZerschneideSequenzNoten = 48778 (0xbe8a) referenced 1 times
    File Eigenes:Horny/objects_debug/MidiEdit.o
  _InitMPKanaele = 49464 (0xc138) referenced 1 times
    File Eigenes:Horny/objects_debug/Mischpult.o
  _SammleMPKanaele = 50014 (0xc35e) referenced 1 times
    File Eigenes:Horny/objects_debug/Mischpult.o
  _ErstelleMPKanalGadgets = 50472 (0xc528) unused, maybe local
    File Eigenes:Horny/objects_debug/Mischpult.o
  _EntferneMPKanalGadgets = 51152 (0xc7d0) unused, maybe local
    File Eigenes:Horny/objects_debug/Mischpult.o
  _MPKanaeleEinsetzen = 51290 (0xc85a) unused, maybe local
    File Eigenes:Horny/objects_debug/Mischpult.o
  _MPKanaeleWegnehmen = 51766 (0xca36) unused, maybe local
    File Eigenes:Horny/objects_debug/Mischpult.o
  _ZeichnePanorama = 51966 (0xcafe) unused, maybe local
    File Eigenes:Horny/objects_debug/Mischpult.o
  _BewegePanorama = 52388 (0xcca4) unused, maybe local
    File Eigenes:Horny/objects_debug/Mischpult.o
  _PanoramaMitte = 52596 (0xcd74) unused, maybe local
    File Eigenes:Horny/objects_debug/Mischpult.o
  _ZeichneContrPoti = 52786 (0xce32) unused, maybe local
    File Eigenes:Horny/objects_debug/Mischpult.o
  _BewegeContrPoti = 53092 (0xcf64) unused, maybe local
    File Eigenes:Horny/objects_debug/Mischpult.o
  _ContrPotiReset = 53490 (0xd0f2) unused, maybe local
    File Eigenes:Horny/objects_debug/Mischpult.o
  _MPKanalContrAktualisieren = 53818 (0xd23a) unused, maybe local
    File Eigenes:Horny/objects_debug/Mischpult.o
  _MPKanalAktualisieren = 54350 (0xd44e) unused, maybe local
    File Eigenes:Horny/objects_debug/Mischpult.o
  _MPZeichnePorts = 55330 (0xd822) unused, maybe local
    File Eigenes:Horny/objects_debug/Mischpult.o
  _AktualisiereMischpult = 55650 (0xd962) referenced 1 times
    File Eigenes:Horny/objects_debug/Mischpult.o
  _SetzeMeter = 55808 (0xda00) referenced 1 times
    File Eigenes:Horny/objects_debug/Mischpult.o
  _ErniedrigeMeter = 56026 (0xdada) referenced 1 times
    File Eigenes:Horny/objects_debug/Mischpult.o
  _ZeichneMeter = 56216 (0xdb98) referenced 1 times
    File Eigenes:Horny/objects_debug/Mischpult.o
  _SendeMischpult = 56524 (0xdccc) referenced 1 times
    File Eigenes:Horny/objects_debug/Mischpult.o
  _ErstelleMPFenster = 56902 (0xde46) referenced 1 times
    File Eigenes:Horny/objects_debug/Mischpult.o
  _EntferneMPFenster = 57638 (0xe126) referenced 1 times
    File Eigenes:Horny/objects_debug/Mischpult.o
  _SetzeAlleFader = 57770 (0xe1aa) unused, maybe local
    File Eigenes:Horny/objects_debug/Mischpult.o
  _SetzeAlleMutes = 58010 (0xe29a) unused, maybe local
    File Eigenes:Horny/objects_debug/Mischpult.o
  _KontrolleMischpultFenster = 58326 (0xe3d6) referenced 1 times
    File Eigenes:Horny/objects_debug/Mischpult.o
  _AutoUpdateMischpult = 59978 (0xea4a) referenced 1 times
    File Eigenes:Horny/objects_debug/Mischpult.o
  _ControllerAnpassen = 60578 (0xeca2) referenced 1 times
    File Eigenes:Horny/objects_debug/Mischpult.o

  Hunk #3 ( Far Public ) 51204 Bytes (0xc804)
  _EntferneLied = 0 (0x0) referenced 3 times
    File Eigenes:Horny/objects_debug/Projekt.o
  _InitLied = 130 (0x82) referenced 1 times
    File Eigenes:Horny/objects_debug/Projekt.o
  _NeuesLied = 558 (0x22e) referenced 2 times
    File Eigenes:Horny/objects_debug/Projekt.o
  _Stoppen = 638 (0x27e) unused, maybe local
    File Eigenes:Horny/objects_debug/Projekt.o
  _StoppenZero = 938 (0x3aa) referenced 1 times
    File Eigenes:Horny/objects_debug/Projekt.o
  _WiedergabeStarten = 1062 (0x426) referenced 1 times
    File Eigenes:Horny/objects_debug/Projekt.o
  _AufnahmeStarten = 1250 (0x4e2) referenced 1 times
    File Eigenes:Horny/objects_debug/Projekt.o
  _SpringeTakt = 1430 (0x596) referenced 1 times
    File Eigenes:Horny/objects_debug/Projekt.o
  _Springe = 1628 (0x65c) referenced 1 times
    File Eigenes:Horny/objects_debug/Projekt.o
  _TransportKontrolleRaw = 1682 (0x692) referenced 3 times
    File Eigenes:Horny/objects_debug/Projekt.o
  _TransportKontrolle = 1770 (0x6ea) referenced 3 times
    File Eigenes:Horny/objects_debug/Projekt.o
  _StartProjekt = 2210 (0x8a2) referenced 1 times
    File Eigenes:Horny/objects_debug/Projekt.o
  _FensterFrontActive = 2454 (0x996) unused, maybe local
    File Eigenes:Horny/objects_debug/Projekt.o
  _ProjektLadenKomplett = 2498 (0x9c2) referenced 1 times
    File Eigenes:Horny/objects_debug/Projekt.o
  _MinMenuKontrolle = 2780 (0xadc) referenced 7 times
    File Eigenes:Horny/objects_debug/Projekt.o
  _Frage = 4628 (0x1214) referenced 4 times
    File Eigenes:Horny/objects_debug/Requester.o
  _Meldung = 4726 (0x1276) referenced 15 times
    File Eigenes:Horny/objects_debug/Requester.o
  _ErstelleAslReqs = 4846 (0x12ee) referenced 1 times
    File Eigenes:Horny/objects_debug/Requester.o
  _EntferneAslReqs = 5140 (0x1414) referenced 1 times
    File Eigenes:Horny/objects_debug/Requester.o
  _EndungAnfuegen = 5200 (0x1450) unused, maybe local
    File Eigenes:Horny/objects_debug/Requester.o
  _AslProjLaden = 5300 (0x14b4) referenced 1 times
    File Eigenes:Horny/objects_debug/Requester.o
  _AslProjSpeichern = 5460 (0x1554) referenced 1 times
    File Eigenes:Horny/objects_debug/Requester.o
  _AslSMFLaden = 5758 (0x167e) referenced 1 times
    File Eigenes:Horny/objects_debug/Requester.o
  _AslSMFSpeichern = 5918 (0x171e) referenced 1 times
    File Eigenes:Horny/objects_debug/Requester.o
  _AslSysExLaden = 6216 (0x1848) referenced 1 times
    File Eigenes:Horny/objects_debug/Requester.o
  _AslSysExSpeichern = 6376 (0x18e8) referenced 1 times
    File Eigenes:Horny/objects_debug/Requester.o
  _INIT_8_Sequenzen_c = 6900 (0x1af4) unused, maybe local
    File Eigenes:Horny/objects_debug/Sequenzen.o
  _ErstelleSequenz = 6926 (0x1b0e) referenced 3 times
    File Eigenes:Horny/objects_debug/Sequenzen.o
  _AddEvbl = 7128 (0x1bd8) referenced 3 times
    File Eigenes:Horny/objects_debug/Sequenzen.o
  _EvblsAbschneiden = 7242 (0x1c4a) referenced 2 times
    File Eigenes:Horny/objects_debug/Sequenzen.o
  _SequenzenOrdnen = 7304 (0x1c88) unused, maybe local
    File Eigenes:Horny/objects_debug/Sequenzen.o
  _NeueSequenzEinordnen = 7604 (0x1db4) referenced 7 times
    File Eigenes:Horny/objects_debug/Sequenzen.o
  _SequenzEntfernen = 8194 (0x2002) referenced 2 times
    File Eigenes:Horny/objects_debug/Sequenzen.o
  _SpurSequenzenEntfernen = 8282 (0x205a) referenced 2 times
    File Eigenes:Horny/objects_debug/Sequenzen.o
  _SequenzAusSpurEntfernen = 8436 (0x20f4) referenced 1 times
    File Eigenes:Horny/objects_debug/Sequenzen.o
  _TaktSequenz = 8620 (0x21ac) referenced 1 times
    File Eigenes:Horny/objects_debug/Sequenzen.o
  _HoleMarkSequenzenRahmen = 8738 (0x2222) referenced 1 times
    File Eigenes:Horny/objects_debug/Sequenzen.o
  _MarkSequenzenVerschiebenTest = 8874 (0x22aa) referenced 1 times
    File Eigenes:Horny/objects_debug/Sequenzen.o
  _MarkSequenzenVerschieben = 9058 (0x2362) referenced 1 times
    File Eigenes:Horny/objects_debug/Sequenzen.o
  _MarkSequenzenEntfernen = 9362 (0x2492) referenced 1 times
    File Eigenes:Horny/objects_debug/Sequenzen.o
  _NeuesAlias = 9550 (0x254e) referenced 1 times
    File Eigenes:Horny/objects_debug/Sequenzen.o
  _MarkSequenzenAlias = 9790 (0x263e) referenced 1 times
    File Eigenes:Horny/objects_debug/Sequenzen.o
  _NeueKopie = 9938 (0x26d2) referenced 2 times
    File Eigenes:Horny/objects_debug/Sequenzen.o
  _MarkSequenzenKopieren = 10332 (0x285c) referenced 1 times
    File Eigenes:Horny/objects_debug/Sequenzen.o
  _MarkSequenzenAliasZuReal = 10480 (0x28f0) referenced 1 times
    File Eigenes:Horny/objects_debug/Sequenzen.o
  _SequenzenInSpurMarkieren = 10658 (0x29a2) referenced 1 times
    File Eigenes:Horny/objects_debug/Sequenzen.o
  _SequenzenAbXMarkieren = 10746 (0x29fa) referenced 1 times
    File Eigenes:Horny/objects_debug/Sequenzen.o
  _NichtsMarkieren = 10868 (0x2a74) referenced 2 times
    File Eigenes:Horny/objects_debug/Sequenzen.o
  _BereichMarkieren = 10982 (0x2ae6) referenced 1 times
    File Eigenes:Horny/objects_debug/Sequenzen.o
  _SequenzenSpuren = 11184 (0x2bb0) referenced 1 times
    File Eigenes:Horny/objects_debug/Sequenzen.o
  _SequenzZerschneiden = 11240 (0x2be8) unused, maybe local
    File Eigenes:Horny/objects_debug/Sequenzen.o
  _MarkSequenzenZerschneiden = 12514 (0x30e2) referenced 1 times
    File Eigenes:Horny/objects_debug/Sequenzen.o
  _SequenzUnterteilen = 12662 (0x3176) referenced 1 times
    File Eigenes:Horny/objects_debug/Sequenzen.o
  _SequenzenVerbinden = 12770 (0x31e2) unused, maybe local
    File Eigenes:Horny/objects_debug/Sequenzen.o
  _MarkSequenzenVerbinden = 13184 (0x3380) referenced 1 times
    File Eigenes:Horny/objects_debug/Sequenzen.o
  _MarkSequenzenStartVerschieben = 13360 (0x3430) referenced 1 times
    File Eigenes:Horny/objects_debug/Sequenzen.o
  _MarkSequenzenEndeVerschieben = 13642 (0x354a) referenced 1 times
    File Eigenes:Horny/objects_debug/Sequenzen.o
  _AlleAliaseZuweisen = 13822 (0x35fe) referenced 1 times
    File Eigenes:Horny/objects_debug/Sequenzen.o
  _InitSequenzInfo = 14006 (0x36b6) referenced 2 times
    File Eigenes:Horny/objects_debug/Sequenzen.o
  _MarkSequenzInfo = 14066 (0x36f2) referenced 1 times
    File Eigenes:Horny/objects_debug/Sequenzen.o
  _MarkSequenzenSetzeName = 14388 (0x3834) referenced 1 times
    File Eigenes:Horny/objects_debug/Sequenzen.o
  _MarkSequenzenSetzeTrans = 14536 (0x38c8) referenced 1 times
    File Eigenes:Horny/objects_debug/Sequenzen.o
  _MarkSequenzenSetzeMute = 14654 (0x393e) referenced 1 times
    File Eigenes:Horny/objects_debug/Sequenzen.o
  _Smpte2Ticks = 15040 (0x3ac0) referenced 2 times
    File Eigenes:Horny/objects_debug/Smpte.o
  _Ticks2ff = 15184 (0x3b50) referenced 2 times
    File Eigenes:Horny/objects_debug/Smpte.o
  _InitSpur = 15292 (0x3bbc) referenced 1 times
    File Eigenes:Horny/objects_debug/Spuren.o
  _AktualisiereSpuren = 15694 (0x3d4e) referenced 2 times
    File Eigenes:Horny/objects_debug/Spuren.o
  _SpurInSicht = 15950 (0x3e4e) unused, maybe local
    File Eigenes:Horny/objects_debug/Spuren.o
  _SpurAktivieren = 16132 (0x3f04) referenced 1 times
    File Eigenes:Horny/objects_debug/Spuren.o
  _SpurScroll = 16282 (0x3f9a) referenced 1 times
    File Eigenes:Horny/objects_debug/Spuren.o
  _FolgenderName = 16440 (0x4038) unused, maybe local
    File Eigenes:Horny/objects_debug/Spuren.o
  _NeueSpur = 16724 (0x4154) referenced 1 times
    File Eigenes:Horny/objects_debug/Spuren.o
  _SpurLoeschen = 17268 (0x4374) referenced 1 times
    File Eigenes:Horny/objects_debug/Spuren.o
  _SpurVerschieben = 17730 (0x4542) referenced 1 times
    File Eigenes:Horny/objects_debug/Spuren.o
  _SpurDuplizieren = 18168 (0x46f8) referenced 1 times
    File Eigenes:Horny/objects_debug/Spuren.o
  _SpurMuteSchalter = 18602 (0x48aa) referenced 1 times
    File Eigenes:Horny/objects_debug/Spuren.o
  _SpurSolo = 18746 (0x493a) referenced 1 times
    File Eigenes:Horny/objects_debug/Spuren.o
  _SpurenMutesAus = 18920 (0x49e8) referenced 1 times
    File Eigenes:Horny/objects_debug/Spuren.o
  _wbmain = 19276 (0x4b4c) referenced 2 times
    File Eigenes:Horny/objects_debug/Start.o
  _main = 19352 (0x4b98) referenced 2 times
    File Eigenes:Horny/objects_debug/Start.o
  _EntfernePortChooserListe = 19440 (0x4bf0) unused, maybe local
    File Eigenes:Horny/objects_debug/SysEx.o
  _ErstellePortChooserListe = 19536 (0x4c50) unused, maybe local
    File Eigenes:Horny/objects_debug/SysEx.o
  _AktualisierePortChooserListe = 19724 (0x4d0c) referenced 1 times
    File Eigenes:Horny/objects_debug/SysEx.o
  _NeuesSysEx = 19752 (0x4d28) referenced 2 times
    File Eigenes:Horny/objects_debug/SysEx.o
  _EntferneSysEx = 19884 (0x4dac) unused, maybe local
    File Eigenes:Horny/objects_debug/SysEx.o
  _EntferneAlleSysEx = 20010 (0x4e2a) unused, maybe local
    File Eigenes:Horny/objects_debug/SysEx.o
  _SysExAufnehmen = 20086 (0x4e76) referenced 1 times
    File Eigenes:Horny/objects_debug/SysEx.o
  _SendeSysExUnit = 20372 (0x4f94) unused, maybe local
    File Eigenes:Horny/objects_debug/SysEx.o
  _SendeAlleSysEx = 20482 (0x5002) referenced 1 times
    File Eigenes:Horny/objects_debug/SysEx.o
  _NeueSysExUnit = 20614 (0x5086) referenced 2 times
    File Eigenes:Horny/objects_debug/SysEx.o
  _EntferneSysExUnit = 20742 (0x5106) unused, maybe local
    File Eigenes:Horny/objects_debug/SysEx.o
  _EntferneAlleSysExUnits = 20856 (0x5178) referenced 1 times
    File Eigenes:Horny/objects_debug/SysEx.o
  _zaehleSysEx = 20920 (0x51b8) unused, maybe local
    File Eigenes:Horny/objects_debug/SysEx.o
  _LadeSysEx = 20952 (0x51d8) unused, maybe local
    File Eigenes:Horny/objects_debug/SysEx.o
  _SpeichereMarkSysEx = 21420 (0x53ac) unused, maybe local
    File Eigenes:Horny/objects_debug/SysEx.o
  _SendeMarkSysEx = 21854 (0x555e) unused, maybe local
    File Eigenes:Horny/objects_debug/SysEx.o
  _EntferneMarkSysEx = 22056 (0x5628) unused, maybe local
    File Eigenes:Horny/objects_debug/SysEx.o
  _BenenneMarkSysEx = 22204 (0x56bc) unused, maybe local
    File Eigenes:Horny/objects_debug/SysEx.o
  _EntferneSysExGruppenListe = 22366 (0x575e) unused, maybe local
    File Eigenes:Horny/objects_debug/SysEx.o
  _EntferneSysExMsgListe = 22444 (0x57ac) unused, maybe local
    File Eigenes:Horny/objects_debug/SysEx.o
  _AktualisiereSysExGruppenListe = 22522 (0x57fa) referenced 2 times
    File Eigenes:Horny/objects_debug/SysEx.o
  _AktualisiereSysExMsgListe = 22850 (0x5942) referenced 2 times
    File Eigenes:Horny/objects_debug/SysEx.o
  _ErstelleSysExFenster = 23178 (0x5a8a) referenced 1 times
    File Eigenes:Horny/objects_debug/SysEx.o
  _EntferneSysExFenster = 25366 (0x6316) referenced 1 times
    File Eigenes:Horny/objects_debug/SysEx.o
  _SysExRecAus = 25472 (0x6380) unused, maybe local
    File Eigenes:Horny/objects_debug/SysEx.o
  _KontrolleSysExFenster = 25548 (0x63cc) referenced 1 times
    File Eigenes:Horny/objects_debug/SysEx.o
  _InitPfadStrings = 26908 (0x691c) referenced 1 times
    File Eigenes:Horny/objects_debug/Umgebung.o
  _EntfernePfadStrings = 27026 (0x6992) referenced 1 times
    File Eigenes:Horny/objects_debug/Umgebung.o
  _ErstelleEnvSeiten = 27114 (0x69ea) unused, maybe local
    File Eigenes:Horny/objects_debug/Umgebung.o
  _ErstelleUmgebungsfenster = 30360 (0x7698) referenced 1 times
    File Eigenes:Horny/objects_debug/Umgebung.o
  _EntferneUmgebungsfenster = 32636 (0x7f7c) referenced 1 times
    File Eigenes:Horny/objects_debug/Umgebung.o
  _UmgebungsGadgetsLesen = 32800 (0x8020) unused, maybe local
    File Eigenes:Horny/objects_debug/Umgebung.o
  _KontrolleUmgebungsfenster = 33494 (0x82d6) referenced 1 times
    File Eigenes:Horny/objects_debug/Umgebung.o
  _SpeichereUmgebung = 34256 (0x85d0) unused, maybe local
    File Eigenes:Horny/objects_debug/Umgebung.o
  _SpeichereFensterPos = 35124 (0x8934) referenced 1 times
    File Eigenes:Horny/objects_debug/Umgebung.o
  _LadeUmgebung = 35836 (0x8bfc) referenced 1 times
    File Eigenes:Horny/objects_debug/Umgebung.o
  _DekodiereFensterPos = 36736 (0x8f80) unused, maybe local
    File Eigenes:Horny/objects_debug/Umgebung.o
  _LadeFensterPos = 36934 (0x9046) referenced 1 times
    File Eigenes:Horny/objects_debug/Umgebung.o
  _KopiereEvbls = 38812 (0x979c) unused, maybe local
    File Eigenes:Horny/objects_debug/Undo.o
  _AddEdUndo = 38940 (0x981c) referenced 1 times
    File Eigenes:Horny/objects_debug/Undo.o
  _EdUndo = 39146 (0x98ea) referenced 1 times
    File Eigenes:Horny/objects_debug/Undo.o
  _EdRedo = 39272 (0x9968) referenced 1 times
    File Eigenes:Horny/objects_debug/Undo.o
  _EntferneAlleEdUndo = 39398 (0x99e6) referenced 2 times
    File Eigenes:Horny/objects_debug/Undo.o
  _EdUndoAktion = 39490 (0x9a42) referenced 1 times
    File Eigenes:Horny/objects_debug/Undo.o
  _EdRedoAktion = 39536 (0x9a70) referenced 1 times
    File Eigenes:Horny/objects_debug/Undo.o
  _RegisterName = 39592 (0x9aa8) referenced 1 times
    File Eigenes:Horny/objects_debug/Versionen.o
  _testReverse = 39606 (0x9ab6) unused, maybe local
    File Eigenes:Horny/objects_debug/Versionen.o
  _decodeText = 39684 (0x9b04) unused, maybe local
    File Eigenes:Horny/objects_debug/Versionen.o
  _addChecksum = 39732 (0x9b34) unused, maybe local
    File Eigenes:Horny/objects_debug/Versionen.o
  _loadKey = 39786 (0x9b6a) unused, maybe local
    File Eigenes:Horny/objects_debug/Versionen.o
  _TesteKey = 39878 (0x9bc6) referenced 1 times
    File Eigenes:Horny/objects_debug/Versionen.o
  _fopen = 40264 (0x9d48) referenced 1 times
    File Work:Entwicklung/StormC/Lib/storm020.lib
  _fclose = 40412 (0x9ddc) referenced 1 times
    File Work:Entwicklung/StormC/Lib/storm020.lib
  _fflush = 40508 (0x9e3c) referenced 1 times
    File Work:Entwicklung/StormC/Lib/storm020.lib
  _setvbuf = 40592 (0x9e90) referenced 3 times
    File Work:Entwicklung/StormC/Lib/storm020.lib
  _amigaopen = 40812 (0x9f6c) referenced 1 times
    File Work:Entwicklung/StormC/Lib/storm020.lib
  _amigaread = 41672 (0xa2c8) referenced 7 times
    File Work:Entwicklung/StormC/Lib/storm020.lib
  _amigareadunget = 42096 (0xa470) referenced 1 times
    File Work:Entwicklung/StormC/Lib/storm020.lib
  _amigawrite = 42196 (0xa4d4) referenced 5 times
    File Work:Entwicklung/StormC/Lib/storm020.lib
  _amigaeof = 42764 (0xa70c) referenced 4 times
    File Work:Entwicklung/StormC/Lib/storm020.lib
  _amigaseek = 42788 (0xa724) referenced 4 times
    File Work:Entwicklung/StormC/Lib/storm020.lib
  _amigagetc = 43132 (0xa87c) referenced 6 times
    File Work:Entwicklung/StormC/Lib/storm020.lib
  _amigagetcunget = 43188 (0xa8b4) referenced 1 times
    File Work:Entwicklung/StormC/Lib/storm020.lib
  _amigaungetc = 43220 (0xa8d4) referenced 4 times
    File Work:Entwicklung/StormC/Lib/storm020.lib
  _amigaputc = 43252 (0xa8f4) referenced 4 times
    File Work:Entwicklung/StormC/Lib/storm020.lib
  _amigaflush = 43312 (0xa930) referenced 9 times
    File Work:Entwicklung/StormC/Lib/storm020.lib
  _amigaclose = 43568 (0xaa30) referenced 4 times
    File Work:Entwicklung/StormC/Lib/storm020.lib
  _INIT_0_InitFiles = 43676 (0xaa9c) unused, maybe local
    File Work:Entwicklung/StormC/Lib/storm020.lib
  _EXIT_5_InitFiles = 43748 (0xaae4) unused, maybe local
    File Work:Entwicklung/StormC/Lib/storm020.lib
  _abs = 43900 (0xab7c) referenced 2 times
    File Work:Entwicklung/StormC/Lib/storm020.lib
  _atoi = 43912 (0xab88) referenced 3 times
    File Work:Entwicklung/StormC/Lib/storm020.lib
  _atol = 43936 (0xaba0) referenced 2 times
    File Work:Entwicklung/StormC/Lib/storm020.lib
  _strtol = 43960 (0xabb8) referenced 2 times
    File Work:Entwicklung/StormC/Lib/storm020.lib
  _memcpy = 44512 (0xade0) referenced 10 times
    File Work:Entwicklung/StormC/Lib/storm020.lib
  _malloc = 44576 (0xae20) referenced 2 times
    File Work:Entwicklung/StormC/Lib/storm020.lib
  _free = 44964 (0xafa4) referenced 4 times
    File Work:Entwicklung/StormC/Lib/storm020.lib
  _EXIT_4_free = 45140 (0xb054) unused, maybe local
    File Work:Entwicklung/StormC/Lib/storm020.lib
  _formatted_out = 45800 (0xb2e8) referenced 2 times
    File Work:Entwicklung/StormC/Lib/storm020.lib
  _printf = 47868 (0xbafc) referenced 1 times
    File Work:Entwicklung/StormC/Lib/storm020.lib
  _sprintf = 47920 (0xbb30) referenced 11 times
    File Work:Entwicklung/StormC/Lib/storm020.lib
  _fread = 47984 (0xbb70) referenced 1 times
    File Work:Entwicklung/StormC/Lib/storm020.lib
  _INIT_5_InitStdIOFiles = 48036 (0xbba4) unused, maybe local
    File Work:Entwicklung/StormC/Lib/storm020.lib
  _EXIT_5_InitStdIOFiles = 48270 (0xbc8e) unused, maybe local
    File Work:Entwicklung/StormC/Lib/storm020.lib
  _strcpy = 48316 (0xbcbc) referenced 5 times
    File Work:Entwicklung/StormC/Lib/storm020.lib
  _strncpy = 48346 (0xbcda) referenced 15 times
    File Work:Entwicklung/StormC/Lib/storm020.lib
  _strcat = 48396 (0xbd0c) referenced 1 times
    File Work:Entwicklung/StormC/Lib/storm020.lib
  _strncat = 48436 (0xbd34) referenced 3 times
    File Work:Entwicklung/StormC/Lib/storm020.lib
  _strcmp = 48488 (0xbd68) referenced 6 times
    File Work:Entwicklung/StormC/Lib/storm020.lib
  _strchr = 48544 (0xbda0) referenced 3 times
    File Work:Entwicklung/StormC/Lib/storm020.lib
  _strrchr = 48584 (0xbdc8) referenced 1 times
    File Work:Entwicklung/StormC/Lib/storm020.lib
  _strstr = 48632 (0xbdf8) referenced 1 times
    File Work:Entwicklung/StormC/Lib/storm020.lib
  _strlen = 48704 (0xbe40) referenced 10 times
    File Work:Entwicklung/StormC/Lib/storm020.lib
  _signed_out = 48732 (0xbe5c) referenced 1 times
    File Work:Entwicklung/StormC/Lib/storm020.lib
  _signed_out_l = 49386 (0xc0ea) referenced 1 times
    File Work:Entwicklung/StormC/Lib/storm020.lib
  _unsigned_out = 49476 (0xc144) referenced 1 times
    File Work:Entwicklung/StormC/Lib/storm020.lib
  _unsigned_out_l = 50068 (0xc394) referenced 2 times
    File Work:Entwicklung/StormC/Lib/storm020.lib
  _char_out = 50588 (0xc59c) referenced 1 times
    File Work:Entwicklung/StormC/Lib/storm020.lib
  _string_out = 50728 (0xc628) referenced 1 times
    File Work:Entwicklung/StormC/Lib/storm020.lib
  _DoMethod = 50920 (0xc6e8) referenced 5 times
    File Work:Entwicklung/StormC/Lib/amiga.lib
  _DoSuperMethod = 50940 (0xc6fc) unused, maybe local
    File Work:Entwicklung/StormC/Lib/amiga.lib
  _CoerceMethod = 50966 (0xc716) unused, maybe local
    File Work:Entwicklung/StormC/Lib/amiga.lib
  _CoerceMethodA = 50988 (0xc72c) unused, maybe local
    File Work:Entwicklung/StormC/Lib/amiga.lib
  _DoMethodA = 51024 (0xc750) unused, maybe local
    File Work:Entwicklung/StormC/Lib/amiga.lib
  _DoSuperMethodA = 51044 (0xc764) unused, maybe local
    File Work:Entwicklung/StormC/Lib/amiga.lib
  _SetSuperAttrs = 51070 (0xc77e) unused, maybe local
    File Work:Entwicklung/StormC/Lib/amiga.lib
  Open = 51128 (0xc7b8) unused, maybe local
    File Work:Entwicklung/StormC/Lib/amiga.lib
  _Open = 51128 (0xc7b8) referenced 1 times
    File Work:Entwicklung/StormC/Lib/amiga.lib
  Close = 51156 (0xc7d4) unused, maybe local
    File Work:Entwicklung/StormC/Lib/amiga.lib
  _Close = 51156 (0xc7d4) referenced 2 times
    File Work:Entwicklung/StormC/Lib/amiga.lib
  Read = 51176 (0xc7e8) unused, maybe local
    File Work:Entwicklung/StormC/Lib/amiga.lib
  _Read = 51176 (0xc7e8) referenced 1 times
    File Work:Entwicklung/StormC/Lib/amiga.lib

  Hunk #4 ( Far Public ) 5452 Bytes (0x154c)
  Write = 0 (0x0) unused, maybe local
    File Work:Entwicklung/StormC/Lib/amiga.lib
  _Write = 0 (0x0) referenced 2 times
    File Work:Entwicklung/StormC/Lib/amiga.lib
  Input = 28 (0x1c) unused, maybe local
    File Work:Entwicklung/StormC/Lib/amiga.lib
  _Input = 28 (0x1c) referenced 1 times
    File Work:Entwicklung/StormC/Lib/amiga.lib
  Output = 44 (0x2c) unused, maybe local
    File Work:Entwicklung/StormC/Lib/amiga.lib
  _Output = 44 (0x2c) referenced 1 times
    File Work:Entwicklung/StormC/Lib/amiga.lib
  Seek = 60 (0x3c) unused, maybe local
    File Work:Entwicklung/StormC/Lib/amiga.lib
  _Seek = 60 (0x3c) referenced 3 times
    File Work:Entwicklung/StormC/Lib/amiga.lib
  DeleteFile = 88 (0x58) unused, maybe local
    File Work:Entwicklung/StormC/Lib/amiga.lib
  _DeleteFile = 88 (0x58) referenced 1 times
    File Work:Entwicklung/StormC/Lib/amiga.lib
  Lock = 108 (0x6c) unused, maybe local
    File Work:Entwicklung/StormC/Lib/amiga.lib
  _Lock = 108 (0x6c) referenced 1 times
    File Work:Entwicklung/StormC/Lib/amiga.lib
  UnLock = 136 (0x88) unused, maybe local
    File Work:Entwicklung/StormC/Lib/amiga.lib
  _UnLock = 136 (0x88) referenced 1 times
    File Work:Entwicklung/StormC/Lib/amiga.lib
  IoErr = 156 (0x9c) unused, maybe local
    File Work:Entwicklung/StormC/Lib/amiga.lib
  _IoErr = 156 (0x9c) referenced 1 times
    File Work:Entwicklung/StormC/Lib/amiga.lib
  IsInteractive = 172 (0xac) unused, maybe local
    File Work:Entwicklung/StormC/Lib/amiga.lib
  _IsInteractive = 172 (0xac) referenced 2 times
    File Work:Entwicklung/StormC/Lib/amiga.lib
  OpenFromLock = 192 (0xc0) unused, maybe local
    File Work:Entwicklung/StormC/Lib/amiga.lib
  _OpenFromLock = 192 (0xc0) referenced 1 times
    File Work:Entwicklung/StormC/Lib/amiga.lib
  NameFromFH = 212 (0xd4) unused, maybe local
    File Work:Entwicklung/StormC/Lib/amiga.lib
  _NameFromFH = 212 (0xd4) referenced 1 times
    File Work:Entwicklung/StormC/Lib/amiga.lib
  ChangeMode = 240 (0xf0) unused, maybe local
    File Work:Entwicklung/StormC/Lib/amiga.lib
  _ChangeMode = 240 (0xf0) referenced 1 times
    File Work:Entwicklung/StormC/Lib/amiga.lib
  GetProgramName = 268 (0x10c) unused, maybe local
    File Work:Entwicklung/StormC/Lib/amiga.lib
  _GetProgramName = 268 (0x10c) referenced 1 times
    File Work:Entwicklung/StormC/Lib/amiga.lib
  FilePart = 296 (0x128) unused, maybe local
    File Work:Entwicklung/StormC/Lib/amiga.lib
  _FilePart = 296 (0x128) referenced 1 times
    File Work:Entwicklung/StormC/Lib/amiga.lib
  AddPart = 316 (0x13c) unused, maybe local
    File Work:Entwicklung/StormC/Lib/amiga.lib
  _AddPart = 316 (0x13c) referenced 1 times
    File Work:Entwicklung/StormC/Lib/amiga.lib
  VPrintf = 344 (0x158) unused, maybe local
    File Work:Entwicklung/StormC/Lib/amiga.lib
  _VPrintf = 344 (0x158) referenced 1 times
    File Work:Entwicklung/StormC/Lib/amiga.lib
  Allocate = 372 (0x174) unused, maybe local
    File Work:Entwicklung/StormC/Lib/amiga.lib
  _Allocate = 372 (0x174) referenced 1 times
    File Work:Entwicklung/StormC/Lib/amiga.lib
  Deallocate = 396 (0x18c) unused, maybe local
    File Work:Entwicklung/StormC/Lib/amiga.lib
  _Deallocate = 396 (0x18c) referenced 1 times
    File Work:Entwicklung/StormC/Lib/amiga.lib
  AllocMem = 424 (0x1a8) unused, maybe local
    File Work:Entwicklung/StormC/Lib/amiga.lib
  _AllocMem = 424 (0x1a8) referenced 2 times
    File Work:Entwicklung/StormC/Lib/amiga.lib
  FreeMem = 448 (0x1c0) unused, maybe local
    File Work:Entwicklung/StormC/Lib/amiga.lib
  _FreeMem = 448 (0x1c0) referenced 4 times
    File Work:Entwicklung/StormC/Lib/amiga.lib
  AddHead = 472 (0x1d8) unused, maybe local
    File Work:Entwicklung/StormC/Lib/amiga.lib
  _AddHead = 472 (0x1d8) referenced 1 times
    File Work:Entwicklung/StormC/Lib/amiga.lib
  AddTail = 496 (0x1f0) unused, maybe local
    File Work:Entwicklung/StormC/Lib/amiga.lib
  _AddTail = 496 (0x1f0) referenced 1 times
    File Work:Entwicklung/StormC/Lib/amiga.lib
  Remove = 520 (0x208) unused, maybe local
    File Work:Entwicklung/StormC/Lib/amiga.lib
  _Remove = 520 (0x208) referenced 2 times
    File Work:Entwicklung/StormC/Lib/amiga.lib
  RemHead = 540 (0x21c) unused, maybe local
    File Work:Entwicklung/StormC/Lib/amiga.lib
  _RemHead = 540 (0x21c) referenced 2 times
    File Work:Entwicklung/StormC/Lib/amiga.lib
  FindTask = 560 (0x230) unused, maybe local
    File Work:Entwicklung/StormC/Lib/amiga.lib
  _FindTask = 560 (0x230) referenced 1 times
    File Work:Entwicklung/StormC/Lib/amiga.lib
  CloseLibrary = 580 (0x244) unused, maybe local
    File Work:Entwicklung/StormC/Lib/amiga.lib
  _CloseLibrary = 580 (0x244) referenced 1 times
    File Work:Entwicklung/StormC/Lib/amiga.lib
  OpenLibrary = 600 (0x258) unused, maybe local
    File Work:Entwicklung/StormC/Lib/amiga.lib
  _OpenLibrary = 600 (0x258) referenced 1 times
    File Work:Entwicklung/StormC/Lib/amiga.lib
  EasyRequest = 624 (0x270) unused, maybe local
    File Work:Entwicklung/StormC/Lib/amiga.lib
  _EasyRequest = 624 (0x270) referenced 1 times
    File Work:Entwicklung/StormC/Lib/amiga.lib
  _setjmp = 656 (0x290) referenced 1 times
    File Work:Entwicklung/StormC/StormSYS/lib/math020.lib
  _longjmp = 672 (0x2a0) referenced 1 times
    File Work:Entwicklung/StormC/StormSYS/lib/math020.lib
  _floor = 692 (0x2b4) referenced 1 times
    File Work:Entwicklung/StormC/StormSYS/lib/math020.lib
  _sin = 716 (0x2cc) referenced 1 times
    File Work:Entwicklung/StormC/StormSYS/lib/math020.lib
  _cos = 740 (0x2e4) referenced 1 times
    File Work:Entwicklung/StormC/StormSYS/lib/math020.lib
  _frexp = 764 (0x2fc) referenced 1 times
    File Work:Entwicklung/StormC/StormSYS/lib/math020.lib
  lib_double2float = 872 (0x368) referenced 1 times
    File Work:Entwicklung/StormC/StormSYS/lib/math020.lib
  lib_float2double = 892 (0x37c) referenced 1 times
    File Work:Entwicklung/StormC/StormSYS/lib/math020.lib
  lib_int2float = 912 (0x390) referenced 2 times
    File Work:Entwicklung/StormC/StormSYS/lib/math020.lib
  lib_float2int = 932 (0x3a4) referenced 1 times
    File Work:Entwicklung/StormC/StormSYS/lib/math020.lib
  lib_float_add = 952 (0x3b8) referenced 1 times
    File Work:Entwicklung/StormC/StormSYS/lib/math020.lib
  lib_float_cmp = 972 (0x3cc) referenced 1 times
    File Work:Entwicklung/StormC/StormSYS/lib/math020.lib
  lib_float_mult = 992 (0x3e0) referenced 1 times
    File Work:Entwicklung/StormC/StormSYS/lib/math020.lib
  lib_float_div = 1012 (0x3f4) referenced 1 times
    File Work:Entwicklung/StormC/StormSYS/lib/math020.lib
  _double_out = 1580 (0x62c) referenced 1 times
    File Work:Entwicklung/StormC/StormSYS/lib/math020.lib
  main() = 3036 (0xbdc) referenced 2 times
    File Work:Entwicklung/StormC/StormSYS/lib/stormcstartup020.lib
  main(int,char **) = 3044 (0xbe4) referenced 2 times
    File Work:Entwicklung/StormC/StormSYS/lib/stormcstartup020.lib
  _wbmain__FP9WBStartup = 3052 (0xbec) unused, maybe local
    File Work:Entwicklung/StormC/StormSYS/lib/stormcstartup020.lib
  wbmain(WBStartup *) = 3052 (0xbec) referenced 2 times
    File Work:Entwicklung/StormC/StormSYS/lib/stormcstartup020.lib
  main(int,char *) = 3060 (0xbf4) referenced 1 times
    File Work:Entwicklung/StormC/StormSYS/lib/stormcstartup020.lib
  _EXIT_0_Main = 3520 (0xdc0) unused, maybe local
    File Work:Entwicklung/StormC/StormSYS/lib/stormcstartup020.lib
  _INIT_2_Asl_c__AslBase = 3572 (0xdf4) unused, maybe local
    File Work:Entwicklung/StormC/StormSYS/lib/stormcstartup020.lib
  _EXIT_2_Asl_c__AslBase = 3608 (0xe18) unused, maybe local
    File Work:Entwicklung/StormC/StormSYS/lib/stormcstartup020.lib
  _INIT_3_DataTypes_c__DataTypesBase = 3644 (0xe3c) unused, maybe local
    File Work:Entwicklung/StormC/StormSYS/lib/stormcstartup020.lib
  _EXIT_3_DataTypes_c__DataTypesBase = 3678 (0xe5e) unused, maybe local
    File Work:Entwicklung/StormC/StormSYS/lib/stormcstartup020.lib
  _INIT_2_DiskFont_c__DiskfontBase = 3720 (0xe88) unused, maybe local
    File Work:Entwicklung/StormC/StormSYS/lib/stormcstartup020.lib
  _EXIT_2_DiskFont_c__DiskfontBase = 3756 (0xeac) unused, maybe local
    File Work:Entwicklung/StormC/StormSYS/lib/stormcstartup020.lib
  _INIT_1_DOS_c__DOSBase = 3796 (0xed4) unused, maybe local
    File Work:Entwicklung/StormC/StormSYS/lib/stormcstartup020.lib
  _EXIT_1_DOS_c__DOSBase = 3832 (0xef8) unused, maybe local
    File Work:Entwicklung/StormC/StormSYS/lib/stormcstartup020.lib
  _INIT_2_Graphics_c__GfxBase = 3868 (0xf1c) unused, maybe local
    File Work:Entwicklung/StormC/StormSYS/lib/stormcstartup020.lib
  _EXIT_2_Graphics_c__GfxBase = 3904 (0xf40) unused, maybe local
    File Work:Entwicklung/StormC/StormSYS/lib/stormcstartup020.lib
  _InitModules = 3984 (0xf90) referenced 1 times
    File Work:Entwicklung/StormC/StormSYS/lib/stormcstartup020.lib
  _CleanupModules = 4060 (0xfdc) referenced 1 times
    File Work:Entwicklung/StormC/StormSYS/lib/stormcstartup020.lib
  _INIT_1_Intuition_c__IntuitionBase = 4120 (0x1018) unused, maybe local
    File Work:Entwicklung/StormC/StormSYS/lib/stormcstartup020.lib
  _EXIT_1_Intuition_c__IntuitionBase = 4156 (0x103c) unused, maybe local
    File Work:Entwicklung/StormC/StormSYS/lib/stormcstartup020.lib
  LibBaseC::LibBaseC(char *,unsigned long,short) = 4224 (0x1080) referenced 11 times
    File Work:Entwicklung/StormC/StormSYS/lib/stormcstartup020.lib
  LibBaseC::~LibBaseC() = 4640 (0x1220) referenced 11 times
    File Work:Entwicklung/StormC/StormSYS/lib/stormcstartup020.lib
  _INIT_3_Locale_c__LocaleBase = 4672 (0x1240) unused, maybe local
    File Work:Entwicklung/StormC/StormSYS/lib/stormcstartup020.lib
  _EXIT_3_Locale_c__LocaleBase = 4706 (0x1262) unused, maybe local
    File Work:Entwicklung/StormC/StormSYS/lib/stormcstartup020.lib
  _INIT_2_MathIEEEDoubBas_c__MathIeeeDoubBasBase = 4744 (0x1288) unused, maybe local
    File Work:Entwicklung/StormC/StormSYS/lib/stormcstartup020.lib
  _EXIT_2_MathIEEEDoubBas_c__MathIeeeDoubBasBase = 4780 (0x12ac) unused, maybe local
    File Work:Entwicklung/StormC/StormSYS/lib/stormcstartup020.lib
  _INIT_2_MathIEEEDoubTrans_c__MathIeeeDoubTransBase = 4828 (0x12dc) unused, maybe local
    File Work:Entwicklung/StormC/StormSYS/lib/stormcstartup020.lib
  _EXIT_2_MathIEEEDoubTrans_c__MathIeeeDoubTransBase = 4864 (0x1300) unused, maybe local
    File Work:Entwicklung/StormC/StormSYS/lib/stormcstartup020.lib
  _INIT_2_MathIEEESingBas_c__MathIeeeSingBasBase = 4912 (0x1330) unused, maybe local
    File Work:Entwicklung/StormC/StormSYS/lib/stormcstartup020.lib
  _EXIT_2_MathIEEESingBas_c__MathIeeeSingBasBase = 4948 (0x1354) unused, maybe local
    File Work:Entwicklung/StormC/StormSYS/lib/stormcstartup020.lib
  _INIT_3_TimerBase = 4996 (0x1384) unused, maybe local
    File Work:Entwicklung/StormC/StormSYS/lib/stormcstartup020.lib
  _EXIT_3_TimerBase = 5144 (0x1418) unused, maybe local
    File Work:Entwicklung/StormC/StormSYS/lib/stormcstartup020.lib
  _INIT_2_Workbench_c__WorkbenchBase = 5204 (0x1454) unused, maybe local
    File Work:Entwicklung/StormC/StormSYS/lib/stormcstartup020.lib
  _EXIT_2_Workbench_c__WorkbenchBase = 5240 (0x1478) unused, maybe local
    File Work:Entwicklung/StormC/StormSYS/lib/stormcstartup020.lib
  Neg64 = 5280 (0x14a0) referenced 1 times
    File Work:Entwicklung/StormC/StormSYS/lib/stormcsupport020.lib
  ___neg64 = 5280 (0x14a0) unused, maybe local
    File Work:Entwicklung/StormC/StormSYS/lib/stormcsupport020.lib
  SDiv64 = 5288 (0x14a8) referenced 1 times
    File Work:Entwicklung/StormC/StormSYS/lib/stormcsupport020.lib
  UDiv64 = 5328 (0x14d0) referenced 1 times
    File Work:Entwicklung/StormC/StormSYS/lib/stormcsupport020.lib
  ___uintdivmod64 = 5328 (0x14d0) unused, maybe local
    File Work:Entwicklung/StormC/StormSYS/lib/stormcsupport020.lib
  ___intdivmod64 = 5288 (0x14a8) unused, maybe local
    File Work:Entwicklung/StormC/StormSYS/lib/stormcsupport020.lib
  UMod64 = 5428 (0x1534) referenced 1 times
    File Work:Entwicklung/StormC/StormSYS/lib/stormcsupport020.lib
  ___uintmod64 = 5428 (0x1534) unused, maybe local
    File Work:Entwicklung/StormC/StormSYS/lib/stormcsupport020.lib
  SMod64 = 5440 (0x1540) referenced 1 times
    File Work:Entwicklung/StormC/StormSYS/lib/stormcsupport020.lib
  ___intmod64 = 5440 (0x1540) unused, maybe local
    File Work:Entwicklung/StormC/StormSYS/lib/stormcsupport020.lib

  Hunk #5 ( Merged Public ) 208 Bytes (0xd0)
  _NewList = 0 (0x0) referenced 8 times
    File Work:Entwicklung/StormC/Lib/amiga.lib
  _CreatePort = 20 (0x14) referenced 1 times
    File Work:Entwicklung/StormC/Lib/amiga.lib
  _DeletePort = 144 (0x90) referenced 1 times
    File Work:Entwicklung/StormC/Lib/amiga.lib

PowerPC Code


Data


  Hunk #6 ( Far Public ) 6736 Bytes (0x1a50)
  _appwindow = 0 (0x0) unused, maybe local
    File Eigenes:Horny/objects_debug/AppWindow.o
  _autocopy = 4 (0x4) unused, maybe local
    File Eigenes:Horny/objects_debug/Automation.o
  _clip = 8 (0x8) unused, maybe local
    File Eigenes:Horny/objects_debug/Clipboard.o
  _rootctrlchange = 16 (0x10) referenced 1 times
    File Eigenes:Horny/objects_debug/CtrlWandler.o
  _ccfenster = 20 (0x14) referenced 2 times
    File Eigenes:Horny/objects_debug/CtrlWandler.o
  _ccfensterobj = 24 (0x18) referenced 1 times
    File Eigenes:Horny/objects_debug/CtrlWandler.o
  _cccolinfo = 28 (0x1c) unused, maybe local
    File Eigenes:Horny/objects_debug/CtrlWandler.o
  _cclist = 68 (0x44) unused, maybe local
    File Eigenes:Horny/objects_debug/CtrlWandler.o
  _readerror = 84 (0x54) unused, maybe local
    File Eigenes:Horny/objects_debug/DiskSMF.o
  _titelfenster = 88 (0x58) unused, maybe local
    File Eigenes:Horny/objects_debug/DTGrafik.o
  _titeldto = 92 (0x5c) unused, maybe local
    File Eigenes:Horny/objects_debug/DTGrafik.o
  _edinstrcontr = 96 (0x60) referenced 1 times
    File Eigenes:Horny/objects_debug/EditorContrGui.o
  _statname = 100 (0x64) unused, maybe local
    File Eigenes:Horny/objects_debug/EditorContrGui.o
  _editnote = 120 (0x78) referenced 1 times
    File Eigenes:Horny/objects_debug/EditorNoten.o
  _playnote = 121 (0x79) unused, maybe local
    File Eigenes:Horny/objects_debug/EditorNoten.o
  _edseq = 124 (0x7c) referenced 3 times
    File Eigenes:Horny/objects_debug/EditorNoten.o
  _wahlnote = 128 (0x80) referenced 2 times
    File Eigenes:Horny/objects_debug/EditorNoten.o
  _edfenster = 136 (0x88) referenced 4 times
    File Eigenes:Horny/objects_debug/EditorNotenGui.o
  _edguibox = 140 (0x8c) referenced 2 times
    File Eigenes:Horny/objects_debug/EditorNotenGui.o
  _alteditnote = 142 (0x8e) unused, maybe local
    File Eigenes:Horny/objects_debug/EditorNotenGui.o
  _edgui = 144 (0x90) referenced 5 times
    File Eigenes:Horny/objects_debug/EditorNotenGui.o
  _oktnote = 172 (0xac) referenced 1 times
    File Eigenes:Horny/objects_debug/EditorNotenGui.o
  _mapscroller = 208 (0xd0) unused, maybe local
    File Eigenes:Horny/objects_debug/EditorNotenGui.o
  _mapslider = 224 (0xe0) unused, maybe local
    File Eigenes:Horny/objects_debug/EditorNotenGui.o
  _setfenster = 240 (0xf0) referenced 2 times
    File Eigenes:Horny/objects_debug/Einstellungen.o
  _setfensterobj = 244 (0xf4) referenced 1 times
    File Eigenes:Horny/objects_debug/Einstellungen.o
  _seitemidiports = 248 (0xf8) unused, maybe local
    File Eigenes:Horny/objects_debug/Einstellungen.o
  _opcolinfo = 252 (0xfc) unused, maybe local
    File Eigenes:Horny/objects_debug/Einstellungen.o
  _seitemetronom = 284 (0x11c) unused, maybe local
    File Eigenes:Horny/objects_debug/Einstellungen.o
  _seitesmpte = 288 (0x120) unused, maybe local
    File Eigenes:Horny/objects_debug/Einstellungen.o
  _fentextattr = 296 (0x128) unused, maybe local
    File Eigenes:Horny/objects_debug/Fenster.o
  _farbe = 304 (0x130) unused, maybe local
    File Eigenes:Horny/objects_debug/Gui.o
  _ButtonBase = 616 (0x268) referenced 3 times
    File Eigenes:Horny/objects_debug/Gui.o
  _ScrollerBase = 620 (0x26c) referenced 2 times
    File Eigenes:Horny/objects_debug/Gui.o
  _ChooserBase = 624 (0x270) referenced 4 times
    File Eigenes:Horny/objects_debug/Gui.o
  _StringBase = 628 (0x274) referenced 3 times
    File Eigenes:Horny/objects_debug/Gui.o
  _IntegerBase = 632 (0x278) referenced 4 times
    File Eigenes:Horny/objects_debug/Gui.o
  _SliderBase = 636 (0x27c) referenced 4 times
    File Eigenes:Horny/objects_debug/Gui.o
  _CheckBoxBase = 640 (0x280) referenced 2 times
    File Eigenes:Horny/objects_debug/Gui.o
  _ListBrowserBase = 644 (0x284) referenced 4 times
    File Eigenes:Horny/objects_debug/Gui.o
  _WindowBase = 648 (0x288) referenced 5 times
    File Eigenes:Horny/objects_debug/Gui.o
  _LayoutBase = 652 (0x28c) referenced 5 times
    File Eigenes:Horny/objects_debug/Gui.o
  _LabelBase = 656 (0x290) referenced 3 times
    File Eigenes:Horny/objects_debug/Gui.o
  _ClickTabBase = 660 (0x294) referenced 2 times
    File Eigenes:Horny/objects_debug/Gui.o
  _GetScreenModeBase = 664 (0x298) referenced 1 times
    File Eigenes:Horny/objects_debug/Gui.o
  _GetFileBase = 668 (0x29c) referenced 1 times
    File Eigenes:Horny/objects_debug/Gui.o
  _RadioButtonBase = 672 (0x2a0) referenced 2 times
    File Eigenes:Horny/objects_debug/Gui.o
  _BitMapBase = 676 (0x2a4) referenced 1 times
    File Eigenes:Horny/objects_debug/Gui.o
  _font = 680 (0x2a8) referenced 1 times
    File Eigenes:Horny/objects_debug/Gui.o
  _catalog = 684 (0x2ac) referenced 24 times
    File Eigenes:Horny/objects_debug/Gui.o
  _hschirm = 688 (0x2b0) referenced 9 times
    File Eigenes:Horny/objects_debug/Gui.o
  _hfenster = 692 (0x2b4) referenced 9 times
    File Eigenes:Horny/objects_debug/Gui.o
  _aktfenster = 696 (0x2b8) referenced 10 times
    File Eigenes:Horny/objects_debug/Gui.o
  _fenp = 700 (0x2bc) referenced 6 times
    File Eigenes:Horny/objects_debug/Gui.o
  _altposx = 756 (0x2f4) unused, maybe local
    File Eigenes:Horny/objects_debug/Gui.o
  _alteditx = 758 (0x2f6) unused, maybe local
    File Eigenes:Horny/objects_debug/Gui.o
  _altprjstart = 760 (0x2f8) unused, maybe local
    File Eigenes:Horny/objects_debug/Gui.o
  _altprjende = 762 (0x2fa) unused, maybe local
    File Eigenes:Horny/objects_debug/Gui.o
  _edaltposx = 764 (0x2fc) unused, maybe local
    File Eigenes:Horny/objects_debug/Gui.o
  _edalteditx = 766 (0x2fe) unused, maybe local
    File Eigenes:Horny/objects_debug/Gui.o
  _markerlist = 768 (0x300) unused, maybe local
    File Eigenes:Horny/objects_debug/Gui.o
  _guimapscroller = 784 (0x310) unused, maybe local
    File Eigenes:Horny/objects_debug/Gui.o
  _guimapslider = 800 (0x320) unused, maybe local
    File Eigenes:Horny/objects_debug/Gui.o
  _backfill = 816 (0x330) referenced 3 times
    File Eigenes:Horny/objects_debug/Gui.o
  _gui = 824 (0x338) referenced 6 times
    File Eigenes:Horny/objects_debug/Gui2.o
  _guibox = 842 (0x34a) referenced 1 times
    File Eigenes:Horny/objects_debug/Gui2.o
  _guileiste = 844 (0x34c) referenced 1 times
    File Eigenes:Horny/objects_debug/Gui2.o
  _rootinstrument = 848 (0x350) referenced 1 times
    File Eigenes:Horny/objects_debug/Instrumente.o
  _contrcolinfo = 852 (0x354) unused, maybe local
    File Eigenes:Horny/objects_debug/Instrumente.o
  _contralle = 882 (0x372) unused, maybe local
    File Eigenes:Horny/objects_debug/Instrumente.o
  _snum = 888 (0x378) referenced 8 times
    File Eigenes:Horny/objects_debug/Main.o
  _edittakt = 892 (0x37c) referenced 2 times
    File Eigenes:Horny/objects_debug/Main.o
  _mtyp = 896 (0x380) referenced 1 times
    File Eigenes:Horny/objects_debug/Main.o
  _wahlseq = 900 (0x384) referenced 1 times
    File Eigenes:Horny/objects_debug/Main.o
  _wahlmark = 904 (0x388) referenced 3 times
    File Eigenes:Horny/objects_debug/Main.o
  _lied = 916 (0x394) referenced 14 times
    File Eigenes:Horny/objects_debug/Main.o
  _loop = 2072 (0x818) referenced 6 times
    File Eigenes:Horny/objects_debug/Main.o
  _playproc = 2084 (0x824) referenced 1 times
    File Eigenes:Horny/objects_debug/Main.o
  _thruproc = 2088 (0x828) referenced 1 times
    File Eigenes:Horny/objects_debug/Main.o
  _beendet = 2092 (0x82c) referenced 1 times
    File Eigenes:Horny/objects_debug/Main.o
  _rootmark = 2096 (0x830) referenced 4 times
    File Eigenes:Horny/objects_debug/Marker.o
  _GadToolsBase = 2104 (0x838) unused, maybe local
    File Eigenes:Horny/objects_debug/Menu.o
  _menu = 2108 (0x83c) unused, maybe local
    File Eigenes:Horny/objects_debug/Menu.o
  _minmenu = 2112 (0x840) referenced 5 times
    File Eigenes:Horny/objects_debug/Menu.o
  _edmenu = 2116 (0x844) referenced 1 times
    File Eigenes:Horny/objects_debug/Menu.o
  _vi = 2120 (0x848) unused, maybe local
    File Eigenes:Horny/objects_debug/Menu.o
  _CamdBase = 2128 (0x850) referenced 2 times
    File Eigenes:Horny/objects_debug/Midi.o
  _midi = 2132 (0x854) referenced 1 times
    File Eigenes:Horny/objects_debug/Midi.o
  _efreq = 2136 (0x858) unused, maybe local
    File Eigenes:Horny/objects_debug/Midi.o
  _hornytask = 2140 (0x85c) unused, maybe local
    File Eigenes:Horny/objects_debug/Midi.o
  _takt = 2144 (0x860) referenced 5 times
    File Eigenes:Horny/objects_debug/Midi.o
  _tick = 2148 (0x864) referenced 4 times
    File Eigenes:Horny/objects_debug/Midi.o
  _starttakt = 2152 (0x868) unused, maybe local
    File Eigenes:Horny/objects_debug/Midi.o
  _zeit = 2156 (0x86c) unused, maybe local
    File Eigenes:Horny/objects_debug/Midi.o
  _startzeit = 2160 (0x870) unused, maybe local
    File Eigenes:Horny/objects_debug/Midi.o
  _starthiclock = 2164 (0x874) unused, maybe local
    File Eigenes:Horny/objects_debug/Midi.o
  _altmetro = 2168 (0x878) unused, maybe local
    File Eigenes:Horny/objects_debug/Midi.o
  _midisig = 2170 (0x87a) unused, maybe local
    File Eigenes:Horny/objects_debug/Midi.o
  _playsig = 2171 (0x87b) referenced 1 times
    File Eigenes:Horny/objects_debug/Midi.o
  _playerprocsig = 2172 (0x87c) referenced 2 times
    File Eigenes:Horny/objects_debug/Midi.o
  _thruprocsig = 2173 (0x87d) referenced 1 times
    File Eigenes:Horny/objects_debug/Midi.o
  _delay = 2176 (0x880) unused, maybe local
    File Eigenes:Horny/objects_debug/Midi.o
  _metro = 2180 (0x884) referenced 5 times
    File Eigenes:Horny/objects_debug/Midi.o
  _hornystatus = 2192 (0x890) referenced 2 times
    File Eigenes:Horny/objects_debug/Midi.o
  _tmarkwechsel = 2194 (0x892) referenced 1 times
    File Eigenes:Horny/objects_debug/Midi.o
  _ltmark = 2196 (0x894) referenced 2 times
    File Eigenes:Horny/objects_debug/Midi.o
  _lkmark = 2200 (0x898) referenced 1 times
    File Eigenes:Horny/objects_debug/Midi.o
  _lxmark = 2204 (0x89c) referenced 1 times
    File Eigenes:Horny/objects_debug/Midi.o
  _playsigaktion = 2208 (0x8a0) referenced 1 times
    File Eigenes:Horny/objects_debug/Midi.o
  _syncport = 2212 (0x8a4) referenced 1 times
    File Eigenes:Horny/objects_debug/Midi.o
  _syncaktiv = 2216 (0x8a8) unused, maybe local
    File Eigenes:Horny/objects_debug/Midi.o
  _mpmauskanal = 2224 (0x8b0) unused, maybe local
    File Eigenes:Horny/objects_debug/Mischpult.o
  _mpmausdata = 2225 (0x8b1) unused, maybe local
    File Eigenes:Horny/objects_debug/Mischpult.o
  _mpmausaktion = 2226 (0x8b2) unused, maybe local
    File Eigenes:Horny/objects_debug/Mischpult.o
  _mpmausalty = 2228 (0x8b4) unused, maybe local
    File Eigenes:Horny/objects_debug/Mischpult.o
  _mpmausaltx = 2230 (0x8b6) unused, maybe local
    File Eigenes:Horny/objects_debug/Mischpult.o
  _mpfenster = 2232 (0x8b8) referenced 3 times
    File Eigenes:Horny/objects_debug/Mischpult.o
  _mpscrollgad = 2236 (0x8bc) unused, maybe local
    File Eigenes:Horny/objects_debug/Mischpult.o
  _mpdata = 2240 (0x8c0) referenced 1 times
    File Eigenes:Horny/objects_debug/Mischpult.o
  _mixmapfader = 2248 (0x8c8) unused, maybe local
    File Eigenes:Horny/objects_debug/Mischpult.o
  _mixfentextattr = 2264 (0x8d8) unused, maybe local
    File Eigenes:Horny/objects_debug/Mischpult.o
  _projreq = 2272 (0x8e0) unused, maybe local
    File Eigenes:Horny/objects_debug/Requester.o
  _projdatei = 2276 (0x8e4) referenced 2 times
    File Eigenes:Horny/objects_debug/Requester.o
  _smfreq = 3300 (0xce4) unused, maybe local
    File Eigenes:Horny/objects_debug/Requester.o
  _smfdatei = 3304 (0xce8) referenced 1 times
    File Eigenes:Horny/objects_debug/Requester.o
  _sysexreq = 4328 (0x10e8) unused, maybe local
    File Eigenes:Horny/objects_debug/Requester.o
  _sysexdatei = 4332 (0x10ec) referenced 1 times
    File Eigenes:Horny/objects_debug/Requester.o
  _seqinfo = 5360 (0x14f0) referenced 2 times
    File Eigenes:Horny/objects_debug/Sequenzen.o
  _smpte = 5504 (0x1580) referenced 5 times
    File Eigenes:Horny/objects_debug/Smpte.o
  _sexfenster = 5512 (0x1588) referenced 2 times
    File Eigenes:Horny/objects_debug/SysEx.o
  _sexfensterobj = 5516 (0x158c) referenced 1 times
    File Eigenes:Horny/objects_debug/SysEx.o
  _sexportlist = 5520 (0x1590) unused, maybe local
    File Eigenes:Horny/objects_debug/SysEx.o
  _msgcolinfo = 5536 (0x15a0) unused, maybe local
    File Eigenes:Horny/objects_debug/SysEx.o
  _sexunitlist = 5568 (0x15c0) unused, maybe local
    File Eigenes:Horny/objects_debug/SysEx.o
  _sexmsglist = 5584 (0x15d0) unused, maybe local
    File Eigenes:Horny/objects_debug/SysEx.o
  _rootsexunit = 5600 (0x15e0) referenced 3 times
    File Eigenes:Horny/objects_debug/SysEx.o
  _sysexrec = 5604 (0x15e4) referenced 1 times
    File Eigenes:Horny/objects_debug/SysEx.o
  _wahlsexunit = 5608 (0x15e8) referenced 2 times
    File Eigenes:Horny/objects_debug/SysEx.o
  _sysexnummer = 5612 (0x15ec) unused, maybe local
    File Eigenes:Horny/objects_debug/SysEx.o
  _envfenster = 5616 (0x15f0) referenced 2 times
    File Eigenes:Horny/objects_debug/Umgebung.o
  _envfensterobj = 5620 (0x15f4) referenced 1 times
    File Eigenes:Horny/objects_debug/Umgebung.o
  _seitescreenmode = 5624 (0x15f8) unused, maybe local
    File Eigenes:Horny/objects_debug/Umgebung.o
  _seitepfade = 5628 (0x15fc) unused, maybe local
    File Eigenes:Horny/objects_debug/Umgebung.o
  _seitesteuerung = 5632 (0x1600) unused, maybe local
    File Eigenes:Horny/objects_debug/Umgebung.o
  _seitesystem = 5636 (0x1604) unused, maybe local
    File Eigenes:Horny/objects_debug/Umgebung.o
  _umgebung = 5640 (0x1608) referenced 7 times
    File Eigenes:Horny/objects_debug/Umgebung.o
  _scranders = 5684 (0x1634) unused, maybe local
    File Eigenes:Horny/objects_debug/Umgebung.o
  _rootedundo = 5688 (0x1638) unused, maybe local
    File Eigenes:Horny/objects_debug/Undo.o
  _aktedundo = 5692 (0x163c) unused, maybe local
    File Eigenes:Horny/objects_debug/Undo.o
  _std__out = 6072 (0x17b8) referenced 3 times
    File Work:Entwicklung/StormC/Lib/storm020.lib
  _std__in = 6160 (0x1810) referenced 2 times
    File Work:Entwicklung/StormC/Lib/storm020.lib
  _std__err = 6248 (0x1868) referenced 2 times
    File Work:Entwicklung/StormC/Lib/storm020.lib
  _AslBase = 6528 (0x1980) referenced 1 times
    File Work:Entwicklung/StormC/StormSYS/lib/stormcstartup020.lib
  _DataTypesBase = 6532 (0x1984) referenced 1 times
    File Work:Entwicklung/StormC/StormSYS/lib/stormcstartup020.lib
  _DiskfontBase = 6536 (0x1988) referenced 1 times
    File Work:Entwicklung/StormC/StormSYS/lib/stormcstartup020.lib
  _DOSBase = 6540 (0x198c) referenced 31 times
    File Work:Entwicklung/StormC/StormSYS/lib/stormcstartup020.lib
  _GfxBase = 6544 (0x1990) referenced 4 times
    File Work:Entwicklung/StormC/StormSYS/lib/stormcstartup020.lib
  _IntuitionBase = 6556 (0x199c) referenced 17 times
    File Work:Entwicklung/StormC/StormSYS/lib/stormcstartup020.lib
  _not_open__LibBaseC = 6560 (0x19a0) referenced 1 times
    File Work:Entwicklung/StormC/StormSYS/lib/stormcstartup020.lib
  _LocaleBase = 6564 (0x19a4) referenced 25 times
    File Work:Entwicklung/StormC/StormSYS/lib/stormcstartup020.lib
  _MathIeeeDoubBasBase = 6568 (0x19a8) referenced 6 times
    File Work:Entwicklung/StormC/StormSYS/lib/stormcstartup020.lib
  _MathIeeeDoubTransBase = 6572 (0x19ac) referenced 4 times
    File Work:Entwicklung/StormC/StormSYS/lib/stormcstartup020.lib
  _MathIeeeSingBasBase = 6576 (0x19b0) referenced 6 times
    File Work:Entwicklung/StormC/StormSYS/lib/stormcstartup020.lib
  ___stacksize = 6580 (0x19b4) referenced 1 times
    File Work:Entwicklung/StormC/StormSYS/lib/stormcstartup020.lib
  _WorkbenchBase = 6584 (0x19b8) referenced 1 times
    File Work:Entwicklung/StormC/StormSYS/lib/stormcstartup020.lib
  ___init_table68k = 6592 (0x19c0) referenced 2 times
    File <Internal Assembled>
  ___exit_table68k = 6664 (0x1a08) referenced 1 times
    File <Internal Assembled>

BSS


  Hunk #7 ( Far Public ) 95012 Bytes (0x17324)
  _SysBase = 0 (0x0) referenced 37 times
    File Work:Entwicklung/StormC/StormSYS/startups/startup.o
  _autokanal = 176 (0xb0) referenced 2 times
    File Eigenes:Horny/objects_debug/Automation.o
  _ccgad = 24752 (0x60b0) unused, maybe local
    File Eigenes:Horny/objects_debug/CtrlWandler.o
  _pb = 24776 (0x60c8) unused, maybe local
    File Eigenes:Horny/objects_debug/DiskSMF.o
  _chunkrest = 24780 (0x60cc) unused, maybe local
    File Eigenes:Horny/objects_debug/DiskSMF.o
  _lastStatus = 24784 (0x60d0) unused, maybe local
    File Eigenes:Horny/objects_debug/DiskSMF.o
  _dto = 24792 (0x60d8) unused, maybe local
    File Eigenes:Horny/objects_debug/DTGrafik.o
  _bitmap = 24840 (0x6108) unused, maybe local
    File Eigenes:Horny/objects_debug/DTGrafik.o
  _bmo = 24888 (0x6138) referenced 2 times
    File Eigenes:Horny/objects_debug/DTGrafik.o
  _contrspur = 24944 (0x6170) referenced 1 times
    File Eigenes:Horny/objects_debug/EditorContrGui.o
  _ganz2halb = 25080 (0x61f8) referenced 1 times
    File Eigenes:Horny/objects_debug/EditorNoten.o
  _halb2ganz = 25157 (0x6245) referenced 1 times
    File Eigenes:Horny/objects_debug/EditorNoten.o
  _edgad = 25296 (0x62d0) referenced 1 times
    File Eigenes:Horny/objects_debug/EditorNotenGui.o
  _edtitel = 25368 (0x6318) unused, maybe local
    File Eigenes:Horny/objects_debug/EditorNotenGui.o
  _edlr = 25668 (0x6444) referenced 2 times
    File Eigenes:Horny/objects_debug/EditorNotenGui.o
  _edou = 25670 (0x6446) referenced 2 times
    File Eigenes:Horny/objects_debug/EditorNotenGui.o
  _edchlist = 25672 (0x6448) unused, maybe local
    File Eigenes:Horny/objects_debug/EditorNotenGui.o
  _startev = 25688 (0x6458) unused, maybe local
    File Eigenes:Horny/objects_debug/EditorNotenGui.o
  _setgad = 26200 (0x6658) unused, maybe local
    File Eigenes:Horny/objects_debug/Einstellungen.o
  _setctlist = 26324 (0x66d4) unused, maybe local
    File Eigenes:Horny/objects_debug/Einstellungen.o
  _clusterlist = 26340 (0x66e4) unused, maybe local
    File Eigenes:Horny/objects_debug/Einstellungen.o
  _outportlist = 26356 (0x66f4) unused, maybe local
    File Eigenes:Horny/objects_debug/Einstellungen.o
  _setinstrlist = 26372 (0x6704) unused, maybe local
    File Eigenes:Horny/objects_debug/Einstellungen.o
  _inportlist = 26388 (0x6714) unused, maybe local
    File Eigenes:Horny/objects_debug/Einstellungen.o
  _rasterlist = 26404 (0x6724) unused, maybe local
    File Eigenes:Horny/objects_debug/Einstellungen.o
  _porttext = 26418 (0x6732) unused, maybe local
    File Eigenes:Horny/objects_debug/Einstellungen.o
  _fpslist = 26548 (0x67b4) unused, maybe local
    File Eigenes:Horny/objects_debug/Einstellungen.o
  _gadget = 26568 (0x67c8) referenced 1 times
    File Eigenes:Horny/objects_debug/Gui.o
  _randlr = 26632 (0x6808) referenced 1 times
    File Eigenes:Horny/objects_debug/Gui.o
  _randou = 26634 (0x680a) referenced 1 times
    File Eigenes:Horny/objects_debug/Gui.o
  _guifar = 26636 (0x680c) unused, maybe local
    File Eigenes:Horny/objects_debug/Gui.o
  _fenstertitel = 26756 (0x6884) referenced 1 times
    File Eigenes:Horny/objects_debug/Gui.o
  _liteignore = 26812 (0x68bc) unused, maybe local
    File Eigenes:Horny/objects_debug/Menu.o
  _midiout = 26816 (0x68c0) referenced 1 times
    File Eigenes:Horny/objects_debug/Midi.o
  _midiin = 26880 (0x6900) unused, maybe local
    File Eigenes:Horny/objects_debug/Midi.o
  _outport = 26944 (0x6940) referenced 10 times
    File Eigenes:Horny/objects_debug/Midi.o
  _inport = 37376 (0x9200) referenced 3 times
    File Eigenes:Horny/objects_debug/Midi.o
  _eclock = 39424 (0x9a00) unused, maybe local
    File Eigenes:Horny/objects_debug/Midi.o
  _warteende = 39432 (0x9a08) unused, maybe local
    File Eigenes:Horny/objects_debug/Midi.o
  _spur = 39440 (0x9a10) referenced 16 times
    File Eigenes:Horny/objects_debug/Midi.o
  _sp = 59152 (0xe710) referenced 9 times
    File Eigenes:Horny/objects_debug/Midi.o
  _kt = 61200 (0xef10) referenced 1 times
    File Eigenes:Horny/objects_debug/Midi.o
  _lzeit = 94992 (0x17310) unused, maybe local
    File Eigenes:Horny/objects_debug/Midi.o

  Hunk #8 ( Far Public ) 9448 Bytes (0x24e8)
  _stev = 0 (0x0) unused, maybe local
    File Eigenes:Horny/objects_debug/MidiEdit.o
  _mpguikanal = 512 (0x200) unused, maybe local
    File Eigenes:Horny/objects_debug/Mischpult.o
  _mpkanal = 1152 (0x480) referenced 6 times
    File Eigenes:Horny/objects_debug/Mischpult.o
  _mpkanalnum = 8320 (0x2080) referenced 1 times
    File Eigenes:Horny/objects_debug/Mischpult.o
  _sprung = 8576 (0x2180) referenced 1 times
    File Eigenes:Horny/objects_debug/Projekt.o
  _sexgad = 8656 (0x21d0) unused, maybe local
    File Eigenes:Horny/objects_debug/SysEx.o
  _envgad = 8704 (0x2200) unused, maybe local
    File Eigenes:Horny/objects_debug/Umgebung.o
  _envctlist = 8780 (0x224c) unused, maybe local
    File Eigenes:Horny/objects_debug/Umgebung.o
  _envkeyblist = 8796 (0x225c) unused, maybe local
    File Eigenes:Horny/objects_debug/Umgebung.o
  _verLITE = 8816 (0x2270) referenced 7 times
    File Eigenes:Horny/objects_debug/Versionen.o
  _verOUTPORTS = 8818 (0x2272) referenced 10 times
    File Eigenes:Horny/objects_debug/Versionen.o
  _verINPORTS = 8819 (0x2273) referenced 4 times
    File Eigenes:Horny/objects_debug/Versionen.o
  _verSPUREN = 8820 (0x2274) referenced 4 times
    File Eigenes:Horny/objects_debug/Versionen.o
  _regname = 8822 (0x2276) unused, maybe local
    File Eigenes:Horny/objects_debug/Versionen.o
  _errno = 8872 (0x22a8) referenced 3 times
    File Work:Entwicklung/StormC/Lib/storm020.lib
  _TimerBase = 9440 (0x24e0) referenced 3 times
    File Work:Entwicklung/StormC/StormSYS/lib/stormcstartup020.lib

END
